{"timestamp":"2025-12-25T05:39:09.186323Z","level":"info","event":"DAG bundles loaded: dags-folder","logger":"airflow.dag_processing.bundles.manager.DagBundlesManager","filename":"manager.py","lineno":179}
{"timestamp":"2025-12-25T05:39:09.188123Z","level":"info","event":"Filling up the DagBag from /opt/airflow/dags/dag.py","logger":"airflow.models.dagbag.DagBag","filename":"dagbag.py","lineno":593}
{"timestamp":"2025-12-25T05:39:09.658619Z","level":"info","event":"2025-12-25 05:39:09 | INFO | IMF Pipeline start | run_id=20251225T053909Z flows=3 years=1948..2025 expected=234 chunk=5 workers=2 http_limit=2 s3_limit=2 gzip=False skip_exists=True manifest=True","logger":"task.stdout"}
{"timestamp":"2025-12-25T05:39:10.385714Z","level":"info","event":"2025-12-25 05:39:10 | INFO | HTTP GET (stream) | attempt=1/5 | flow=CPI year=1953 | https://api.imf.org/external/sdmx/2.1/data/IMF.STA,CPI,latest/all/all?startPeriod=1953&endPeriod=1953","logger":"task.stdout"}
{"timestamp":"2025-12-25T05:39:10.386309Z","level":"info","event":"2025-12-25 05:39:10 | INFO | HTTP GET (stream) | attempt=1/5 | flow=IMTS year=1948 | https://api.imf.org/external/sdmx/2.1/data/IMF.STA,IMTS,latest/all/all?startPeriod=1948&endPeriod=1948","logger":"task.stdout"}
{"timestamp":"2025-12-25T05:39:12.893618Z","level":"info","event":"Found credentials in environment variables.","logger":"botocore.credentials","filename":"credentials.py","lineno":1252}
{"timestamp":"2025-12-25T05:39:13.796931Z","level":"info","event":"2025-12-25 05:39:13 | SUCCESS | Uploaded | flow=CPI year=1953 rows=11779 uri=s3://personal-projectbucket/imf/CPI/year=1953/CPI_1953.csv step_s=4.13","logger":"task.stdout"}
{"timestamp":"2025-12-25T05:39:13.956141Z","level":"info","event":"2025-12-25 05:39:13 | INFO | HTTP GET (stream) | attempt=1/5 | flow=CPI year=1954 | https://api.imf.org/external/sdmx/2.1/data/IMF.STA,CPI,latest/all/all?startPeriod=1954&endPeriod=1954","logger":"task.stdout"}
{"timestamp":"2025-12-25T05:39:16.207621Z","level":"info","event":"2025-12-25 05:39:16 | SUCCESS | Uploaded | flow=CPI year=1954 rows=11994 uri=s3://personal-projectbucket/imf/CPI/year=1954/CPI_1954.csv step_s=2.28","logger":"task.stdout"}
{"timestamp":"2025-12-25T05:39:16.396868Z","level":"info","event":"2025-12-25 05:39:16 | INFO | HTTP GET (stream) | attempt=1/5 | flow=CPI year=1955 | https://api.imf.org/external/sdmx/2.1/data/IMF.STA,CPI,latest/all/all?startPeriod=1955&endPeriod=1955","logger":"task.stdout"}
{"timestamp":"2025-12-25T05:39:19.191376Z","level":"info","event":"2025-12-25 05:39:19 | SUCCESS | Uploaded | flow=CPI year=1955 rows=16234 uri=s3://personal-projectbucket/imf/CPI/year=1955/CPI_1955.csv step_s=2.83","logger":"task.stdout"}
{"timestamp":"2025-12-25T05:39:19.341576Z","level":"info","event":"2025-12-25 05:39:19 | INFO | HTTP GET (stream) | attempt=1/5 | flow=CPI year=1956 | https://api.imf.org/external/sdmx/2.1/data/IMF.STA,CPI,latest/all/all?startPeriod=1956&endPeriod=1956","logger":"task.stdout"}
{"timestamp":"2025-12-25T05:39:21.908169Z","level":"info","event":"2025-12-25 05:39:21 | SUCCESS | Uploaded | flow=CPI year=1956 rows=16994 uri=s3://personal-projectbucket/imf/CPI/year=1956/CPI_1956.csv step_s=2.60","logger":"task.stdout"}
{"timestamp":"2025-12-25T05:39:22.136267Z","level":"info","event":"2025-12-25 05:39:22 | INFO | HTTP GET (stream) | attempt=1/5 | flow=CPI year=1957 | https://api.imf.org/external/sdmx/2.1/data/IMF.STA,CPI,latest/all/all?startPeriod=1957&endPeriod=1957","logger":"task.stdout"}
{"timestamp":"2025-12-25T05:39:25.063319Z","level":"info","event":"2025-12-25 05:39:25 | SUCCESS | Uploaded | flow=CPI year=1957 rows=18340 uri=s3://personal-projectbucket/imf/CPI/year=1957/CPI_1957.csv step_s=2.96","logger":"task.stdout"}
{"timestamp":"2025-12-25T05:39:25.225723Z","level":"info","event":"2025-12-25 05:39:25 | INFO | HTTP GET (stream) | attempt=1/5 | flow=IMTS year=1983 | https://api.imf.org/external/sdmx/2.1/data/IMF.STA,IMTS,latest/all/all?startPeriod=1983&endPeriod=1983","logger":"task.stdout"}
{"timestamp":"2025-12-25T05:39:39.815160Z","level":"info","event":"2025-12-25 05:39:39 | SUCCESS | Uploaded | flow=IMTS year=1948 rows=19415 uri=s3://personal-projectbucket/imf/IMTS/year=1948/IMTS_1948.csv step_s=30.15","logger":"task.stdout"}
{"timestamp":"2025-12-25T05:39:40.234655Z","level":"info","event":"2025-12-25 05:39:40 | INFO | HTTP GET (stream) | attempt=1/5 | flow=IMTS year=1949 | https://api.imf.org/external/sdmx/2.1/data/IMF.STA,IMTS,latest/all/all?startPeriod=1949&endPeriod=1949","logger":"task.stdout"}
{"timestamp":"2025-12-25T05:39:45.445922Z","level":"info","event":"2025-12-25 05:39:45 | SUCCESS | Uploaded | flow=IMTS year=1949 rows=17491 uri=s3://personal-projectbucket/imf/IMTS/year=1949/IMTS_1949.csv step_s=5.25","logger":"task.stdout"}
{"timestamp":"2025-12-25T05:39:45.862959Z","level":"info","event":"2025-12-25 05:39:45 | INFO | HTTP GET (stream) | attempt=1/5 | flow=IMTS year=1950 | https://api.imf.org/external/sdmx/2.1/data/IMF.STA,IMTS,latest/all/all?startPeriod=1950&endPeriod=1950","logger":"task.stdout"}
{"timestamp":"2025-12-25T05:39:50.752472Z","level":"info","event":"2025-12-25 05:39:50 | SUCCESS | Uploaded | flow=IMTS year=1950 rows=18358 uri=s3://personal-projectbucket/imf/IMTS/year=1950/IMTS_1950.csv step_s=4.94","logger":"task.stdout"}
{"timestamp":"2025-12-25T05:39:51.177706Z","level":"info","event":"2025-12-25 05:39:51 | INFO | HTTP GET (stream) | attempt=1/5 | flow=IMTS year=1951 | https://api.imf.org/external/sdmx/2.1/data/IMF.STA,IMTS,latest/all/all?startPeriod=1951&endPeriod=1951","logger":"task.stdout"}
{"timestamp":"2025-12-25T05:39:56.584071Z","level":"info","event":"2025-12-25 05:39:56 | SUCCESS | Uploaded | flow=IMTS year=1951 rows=19171 uri=s3://personal-projectbucket/imf/IMTS/year=1951/IMTS_1951.csv step_s=5.44","logger":"task.stdout"}
{"timestamp":"2025-12-25T05:39:56.730168Z","level":"info","event":"2025-12-25 05:39:56 | INFO | HTTP GET (stream) | attempt=1/5 | flow=IMTS year=1952 | https://api.imf.org/external/sdmx/2.1/data/IMF.STA,IMTS,latest/all/all?startPeriod=1952&endPeriod=1952","logger":"task.stdout"}
{"timestamp":"2025-12-25T05:40:01.891459Z","level":"info","event":"2025-12-25 05:40:01 | SUCCESS | Uploaded | flow=IMTS year=1952 rows=20775 uri=s3://personal-projectbucket/imf/IMTS/year=1952/IMTS_1952.csv step_s=5.19","logger":"task.stdout"}
{"timestamp":"2025-12-25T05:40:02.340251Z","level":"info","event":"2025-12-25 05:40:02 | INFO | HTTP GET (stream) | attempt=1/5 | flow=CPI year=1978 | https://api.imf.org/external/sdmx/2.1/data/IMF.STA,CPI,latest/all/all?startPeriod=1978&endPeriod=1978","logger":"task.stdout"}
{"timestamp":"2025-12-25T05:40:06.182576Z","level":"info","event":"2025-12-25 05:40:06 | SUCCESS | Uploaded | flow=CPI year=1978 rows=24458 uri=s3://personal-projectbucket/imf/CPI/year=1978/CPI_1978.csv step_s=3.88","logger":"task.stdout"}
{"timestamp":"2025-12-25T05:40:06.360843Z","level":"info","event":"2025-12-25 05:40:06 | INFO | HTTP GET (stream) | attempt=1/5 | flow=CPI year=1979 | https://api.imf.org/external/sdmx/2.1/data/IMF.STA,CPI,latest/all/all?startPeriod=1979&endPeriod=1979","logger":"task.stdout"}
{"timestamp":"2025-12-25T05:40:09.252676Z","level":"info","event":"2025-12-25 05:40:09 | SUCCESS | Uploaded | flow=CPI year=1979 rows=24667 uri=s3://personal-projectbucket/imf/CPI/year=1979/CPI_1979.csv step_s=2.93","logger":"task.stdout"}
{"timestamp":"2025-12-25T05:40:09.606639Z","level":"info","event":"2025-12-25 05:40:09 | INFO | HTTP GET (stream) | attempt=1/5 | flow=CPI year=1980 | https://api.imf.org/external/sdmx/2.1/data/IMF.STA,CPI,latest/all/all?startPeriod=1980&endPeriod=1980","logger":"task.stdout"}
{"timestamp":"2025-12-25T05:40:13.036387Z","level":"info","event":"2025-12-25 05:40:13 | SUCCESS | Uploaded | flow=CPI year=1980 rows=26185 uri=s3://personal-projectbucket/imf/CPI/year=1980/CPI_1980.csv step_s=3.47","logger":"task.stdout"}
{"timestamp":"2025-12-25T05:40:13.392799Z","level":"info","event":"2025-12-25 05:40:13 | INFO | HTTP GET (stream) | attempt=1/5 | flow=CPI year=1981 | https://api.imf.org/external/sdmx/2.1/data/IMF.STA,CPI,latest/all/all?startPeriod=1981&endPeriod=1981","logger":"task.stdout"}
{"timestamp":"2025-12-25T05:40:16.103158Z","level":"info","event":"2025-12-25 05:40:16 | SUCCESS | Uploaded | flow=CPI year=1981 rows=26646 uri=s3://personal-projectbucket/imf/CPI/year=1981/CPI_1981.csv step_s=2.74","logger":"task.stdout"}
{"timestamp":"2025-12-25T05:40:16.278469Z","level":"info","event":"2025-12-25 05:40:16 | INFO | HTTP GET (stream) | attempt=1/5 | flow=CPI year=1982 | https://api.imf.org/external/sdmx/2.1/data/IMF.STA,CPI,latest/all/all?startPeriod=1982&endPeriod=1982","logger":"task.stdout"}
{"timestamp":"2025-12-25T05:40:19.666067Z","level":"info","event":"2025-12-25 05:40:19 | SUCCESS | Uploaded | flow=CPI year=1982 rows=26714 uri=s3://personal-projectbucket/imf/CPI/year=1982/CPI_1982.csv step_s=3.42","logger":"task.stdout"}
{"timestamp":"2025-12-25T05:40:19.986397Z","level":"info","event":"2025-12-25 05:40:19 | INFO | HTTP GET (stream) | attempt=1/5 | flow=IMTS year=2018 | https://api.imf.org/external/sdmx/2.1/data/IMF.STA,IMTS,latest/all/all?startPeriod=2018&endPeriod=2018","logger":"task.stdout"}
{"timestamp":"2025-12-25T05:41:05.922627Z","level":"info","event":"2025-12-25 05:41:05 | SUCCESS | Uploaded | flow=IMTS year=1983 rows=820865 uri=s3://personal-projectbucket/imf/IMTS/year=1983/IMTS_1983.csv step_s=100.73","logger":"task.stdout"}
{"timestamp":"2025-12-25T05:41:06.815792Z","level":"info","event":"2025-12-25 05:41:06 | INFO | HTTP GET (stream) | attempt=1/5 | flow=IMTS year=1984 | https://api.imf.org/external/sdmx/2.1/data/IMF.STA,IMTS,latest/all/all?startPeriod=1984&endPeriod=1984","logger":"task.stdout"}
{"timestamp":"2025-12-25T05:42:05.947271Z","level":"info","event":"2025-12-25 05:42:05 | SUCCESS | Uploaded | flow=IMTS year=1984 rows=828574 uri=s3://personal-projectbucket/imf/IMTS/year=1984/IMTS_1984.csv step_s=59.16","logger":"task.stdout"}
{"timestamp":"2025-12-25T05:42:06.640325Z","level":"info","event":"2025-12-25 05:42:06 | INFO | HTTP GET (stream) | attempt=1/5 | flow=IMTS year=1985 | https://api.imf.org/external/sdmx/2.1/data/IMF.STA,IMTS,latest/all/all?startPeriod=1985&endPeriod=1985","logger":"task.stdout"}
{"timestamp":"2025-12-25T05:42:40.623914Z","level":"info","event":"2025-12-25 05:42:40 | SUCCESS | Uploaded | flow=IMTS year=2018 rows=1662667 uri=s3://personal-projectbucket/imf/IMTS/year=2018/IMTS_2018.csv step_s=140.67","logger":"task.stdout"}
{"timestamp":"2025-12-25T05:42:42.167628Z","level":"info","event":"2025-12-25 05:42:42 | INFO | HTTP GET (stream) | attempt=1/5 | flow=IMTS year=2019 | https://api.imf.org/external/sdmx/2.1/data/IMF.STA,IMTS,latest/all/all?startPeriod=2019&endPeriod=2019","logger":"task.stdout"}
{"timestamp":"2025-12-25T05:43:09.215594Z","level":"info","event":"2025-12-25 05:43:09 | SUCCESS | Uploaded | flow=IMTS year=1985 rows=843067 uri=s3://personal-projectbucket/imf/IMTS/year=1985/IMTS_1985.csv step_s=62.62","logger":"task.stdout"}
{"timestamp":"2025-12-25T05:43:10.422649Z","level":"info","event":"2025-12-25 05:43:10 | INFO | HTTP GET (stream) | attempt=1/5 | flow=IMTS year=1986 | https://api.imf.org/external/sdmx/2.1/data/IMF.STA,IMTS,latest/all/all?startPeriod=1986&endPeriod=1986","logger":"task.stdout"}
{"timestamp":"2025-12-25T05:44:07.308242Z","level":"info","event":"2025-12-25 05:44:07 | SUCCESS | Uploaded | flow=IMTS year=1986 rows=866037 uri=s3://personal-projectbucket/imf/IMTS/year=1986/IMTS_1986.csv step_s=56.92","logger":"task.stdout"}
{"timestamp":"2025-12-25T05:44:08.213172Z","level":"info","event":"2025-12-25 05:44:08 | INFO | HTTP GET (stream) | attempt=1/5 | flow=IMTS year=1987 | https://api.imf.org/external/sdmx/2.1/data/IMF.STA,IMTS,latest/all/all?startPeriod=1987&endPeriod=1987","logger":"task.stdout"}
{"timestamp":"2025-12-25T05:44:47.176689Z","level":"info","event":"2025-12-25 05:44:47 | SUCCESS | Uploaded | flow=IMTS year=2019 rows=1685308 uri=s3://personal-projectbucket/imf/IMTS/year=2019/IMTS_2019.csv step_s=125.05","logger":"task.stdout"}
{"timestamp":"2025-12-25T05:44:48.650032Z","level":"info","event":"2025-12-25 05:44:48 | INFO | HTTP GET (stream) | attempt=1/5 | flow=IMTS year=2020 | https://api.imf.org/external/sdmx/2.1/data/IMF.STA,IMTS,latest/all/all?startPeriod=2020&endPeriod=2020","logger":"task.stdout"}
{"timestamp":"2025-12-25T05:45:09.528341Z","level":"info","event":"2025-12-25 05:45:09 | SUCCESS | Uploaded | flow=IMTS year=1987 rows=876382 uri=s3://personal-projectbucket/imf/IMTS/year=1987/IMTS_1987.csv step_s=61.34","logger":"task.stdout"}
{"timestamp":"2025-12-25T05:45:10.443820Z","level":"info","event":"2025-12-25 05:45:10 | INFO | HTTP GET (stream) | attempt=1/5 | flow=CPI year=1973 | https://api.imf.org/external/sdmx/2.1/data/IMF.STA,CPI,latest/all/all?startPeriod=1973&endPeriod=1973","logger":"task.stdout"}
{"timestamp":"2025-12-25T05:45:13.939134Z","level":"info","event":"2025-12-25 05:45:13 | SUCCESS | Uploaded | flow=CPI year=1973 rows=23421 uri=s3://personal-projectbucket/imf/CPI/year=1973/CPI_1973.csv step_s=3.52","logger":"task.stdout"}
{"timestamp":"2025-12-25T05:45:14.119201Z","level":"info","event":"2025-12-25 05:45:14 | INFO | HTTP GET (stream) | attempt=1/5 | flow=CPI year=1974 | https://api.imf.org/external/sdmx/2.1/data/IMF.STA,CPI,latest/all/all?startPeriod=1974&endPeriod=1974","logger":"task.stdout"}
{"timestamp":"2025-12-25T05:45:16.805084Z","level":"info","event":"2025-12-25 05:45:16 | SUCCESS | Uploaded | flow=CPI year=1974 rows=23543 uri=s3://personal-projectbucket/imf/CPI/year=1974/CPI_1974.csv step_s=2.71","logger":"task.stdout"}
{"timestamp":"2025-12-25T05:45:16.982493Z","level":"info","event":"2025-12-25 05:45:16 | INFO | HTTP GET (stream) | attempt=1/5 | flow=CPI year=1975 | https://api.imf.org/external/sdmx/2.1/data/IMF.STA,CPI,latest/all/all?startPeriod=1975&endPeriod=1975","logger":"task.stdout"}
{"timestamp":"2025-12-25T05:45:20.170099Z","level":"info","event":"2025-12-25 05:45:20 | SUCCESS | Uploaded | flow=CPI year=1975 rows=23702 uri=s3://personal-projectbucket/imf/CPI/year=1975/CPI_1975.csv step_s=3.21","logger":"task.stdout"}
{"timestamp":"2025-12-25T05:45:20.330697Z","level":"info","event":"2025-12-25 05:45:20 | INFO | HTTP GET (stream) | attempt=1/5 | flow=CPI year=1976 | https://api.imf.org/external/sdmx/2.1/data/IMF.STA,CPI,latest/all/all?startPeriod=1976&endPeriod=1976","logger":"task.stdout"}
{"timestamp":"2025-12-25T05:45:22.591981Z","level":"info","event":"2025-12-25 05:45:22 | SUCCESS | Uploaded | flow=CPI year=1976 rows=24321 uri=s3://personal-projectbucket/imf/CPI/year=1976/CPI_1976.csv step_s=2.28","logger":"task.stdout"}
{"timestamp":"2025-12-25T05:45:22.742625Z","level":"info","event":"2025-12-25 05:45:22 | INFO | HTTP GET (stream) | attempt=1/5 | flow=CPI year=1977 | https://api.imf.org/external/sdmx/2.1/data/IMF.STA,CPI,latest/all/all?startPeriod=1977&endPeriod=1977","logger":"task.stdout"}
{"timestamp":"2025-12-25T05:45:25.553908Z","level":"info","event":"2025-12-25 05:45:25 | SUCCESS | Uploaded | flow=CPI year=1977 rows=24456 uri=s3://personal-projectbucket/imf/CPI/year=1977/CPI_1977.csv step_s=2.83","logger":"task.stdout"}
{"timestamp":"2025-12-25T05:45:25.738945Z","level":"info","event":"2025-12-25 05:45:25 | INFO | HTTP GET (stream) | attempt=1/5 | flow=CPI year=2003 | https://api.imf.org/external/sdmx/2.1/data/IMF.STA,CPI,latest/all/all?startPeriod=2003&endPeriod=2003","logger":"task.stdout"}
{"timestamp":"2025-12-25T05:45:35.371011Z","level":"info","event":"2025-12-25 05:45:35 | SUCCESS | Uploaded | flow=CPI year=2003 rows=107295 uri=s3://personal-projectbucket/imf/CPI/year=2003/CPI_2003.csv step_s=9.66","logger":"task.stdout"}
{"timestamp":"2025-12-25T05:45:35.670795Z","level":"info","event":"2025-12-25 05:45:35 | INFO | HTTP GET (stream) | attempt=1/5 | flow=CPI year=2004 | https://api.imf.org/external/sdmx/2.1/data/IMF.STA,CPI,latest/all/all?startPeriod=2004&endPeriod=2004","logger":"task.stdout"}
{"timestamp":"2025-12-25T05:45:43.880634Z","level":"info","event":"2025-12-25 05:45:43 | SUCCESS | Uploaded | flow=CPI year=2004 rows=109891 uri=s3://personal-projectbucket/imf/CPI/year=2004/CPI_2004.csv step_s=8.24","logger":"task.stdout"}
{"timestamp":"2025-12-25T05:45:44.066464Z","level":"info","event":"2025-12-25 05:45:44 | INFO | HTTP GET (stream) | attempt=1/5 | flow=CPI year=2005 | https://api.imf.org/external/sdmx/2.1/data/IMF.STA,CPI,latest/all/all?startPeriod=2005&endPeriod=2005","logger":"task.stdout"}
{"timestamp":"2025-12-25T05:45:53.566738Z","level":"info","event":"2025-12-25 05:45:53 | SUCCESS | Uploaded | flow=CPI year=2005 rows=127790 uri=s3://personal-projectbucket/imf/CPI/year=2005/CPI_2005.csv step_s=9.53","logger":"task.stdout"}
{"timestamp":"2025-12-25T05:45:53.802772Z","level":"info","event":"2025-12-25 05:45:53 | INFO | HTTP GET (stream) | attempt=1/5 | flow=CPI year=2006 | https://api.imf.org/external/sdmx/2.1/data/IMF.STA,CPI,latest/all/all?startPeriod=2006&endPeriod=2006","logger":"task.stdout"}
{"timestamp":"2025-12-25T05:46:03.491477Z","level":"info","event":"2025-12-25 05:46:03 | SUCCESS | Uploaded | flow=CPI year=2006 rows=138693 uri=s3://personal-projectbucket/imf/CPI/year=2006/CPI_2006.csv step_s=9.72","logger":"task.stdout"}
{"timestamp":"2025-12-25T05:46:04.003921Z","level":"info","event":"2025-12-25 05:46:04 | INFO | HTTP GET (stream) | attempt=1/5 | flow=CPI year=2007 | https://api.imf.org/external/sdmx/2.1/data/IMF.STA,CPI,latest/all/all?startPeriod=2007&endPeriod=2007","logger":"task.stdout"}
{"timestamp":"2025-12-25T05:46:14.605662Z","level":"info","event":"2025-12-25 05:46:14 | SUCCESS | Uploaded | flow=CPI year=2007 rows=145168 uri=s3://personal-projectbucket/imf/CPI/year=2007/CPI_2007.csv step_s=10.64","logger":"task.stdout"}
{"timestamp":"2025-12-25T05:46:15.177153Z","level":"info","event":"2025-12-25 05:46:15 | INFO | HTTP GET (stream) | attempt=1/5 | flow=IMTS year=1968 | https://api.imf.org/external/sdmx/2.1/data/IMF.STA,IMTS,latest/all/all?startPeriod=1968&endPeriod=1968","logger":"task.stdout"}
{"timestamp":"2025-12-25T05:46:42.452414Z","level":"info","event":"2025-12-25 05:46:42 | SUCCESS | Uploaded | flow=IMTS year=2020 rows=1648317 uri=s3://personal-projectbucket/imf/IMTS/year=2020/IMTS_2020.csv step_s=113.85","logger":"task.stdout"}
{"timestamp":"2025-12-25T05:46:43.972883Z","level":"info","event":"2025-12-25 05:46:43 | INFO | HTTP GET (stream) | attempt=1/5 | flow=IMTS year=2021 | https://api.imf.org/external/sdmx/2.1/data/IMF.STA,IMTS,latest/all/all?startPeriod=2021&endPeriod=2021","logger":"task.stdout"}
{"timestamp":"2025-12-25T05:46:58.407379Z","level":"info","event":"2025-12-25 05:46:58 | SUCCESS | Uploaded | flow=IMTS year=1968 rows=374250 uri=s3://personal-projectbucket/imf/IMTS/year=1968/IMTS_1968.csv step_s=43.27","logger":"task.stdout"}
{"timestamp":"2025-12-25T05:46:59.069191Z","level":"info","event":"2025-12-25 05:46:59 | INFO | HTTP GET (stream) | attempt=1/5 | flow=IMTS year=1969 | https://api.imf.org/external/sdmx/2.1/data/IMF.STA,IMTS,latest/all/all?startPeriod=1969&endPeriod=1969","logger":"task.stdout"}
{"timestamp":"2025-12-25T05:47:30.728559Z","level":"info","event":"2025-12-25 05:47:30 | SUCCESS | Uploaded | flow=IMTS year=1969 rows=387849 uri=s3://personal-projectbucket/imf/IMTS/year=1969/IMTS_1969.csv step_s=31.69","logger":"task.stdout"}
{"timestamp":"2025-12-25T05:47:31.346651Z","level":"info","event":"2025-12-25 05:47:31 | INFO | HTTP GET (stream) | attempt=1/5 | flow=IMTS year=1970 | https://api.imf.org/external/sdmx/2.1/data/IMF.STA,IMTS,latest/all/all?startPeriod=1970&endPeriod=1970","logger":"task.stdout"}
{"timestamp":"2025-12-25T05:48:04.715076Z","level":"info","event":"2025-12-25 05:48:04 | SUCCESS | Uploaded | flow=IMTS year=1970 rows=415382 uri=s3://personal-projectbucket/imf/IMTS/year=1970/IMTS_1970.csv step_s=33.40","logger":"task.stdout"}
{"timestamp":"2025-12-25T05:48:05.447120Z","level":"info","event":"2025-12-25 05:48:05 | INFO | HTTP GET (stream) | attempt=1/5 | flow=IMTS year=1971 | https://api.imf.org/external/sdmx/2.1/data/IMF.STA,IMTS,latest/all/all?startPeriod=1971&endPeriod=1971","logger":"task.stdout"}
{"timestamp":"2025-12-25T05:48:47.891322Z","level":"info","event":"2025-12-25 05:48:47 | SUCCESS | Uploaded | flow=IMTS year=2021 rows=1696972 uri=s3://personal-projectbucket/imf/IMTS/year=2021/IMTS_2021.csv step_s=123.97","logger":"task.stdout"}
{"timestamp":"2025-12-25T05:48:49.446603Z","level":"info","event":"2025-12-25 05:48:49 | INFO | HTTP GET (stream) | attempt=1/5 | flow=IMTS year=2022 | https://api.imf.org/external/sdmx/2.1/data/IMF.STA,IMTS,latest/all/all?startPeriod=2022&endPeriod=2022","logger":"task.stdout"}
{"timestamp":"2025-12-25T05:48:49.650211Z","level":"info","event":"2025-12-25 05:48:49 | SUCCESS | Uploaded | flow=IMTS year=1971 rows=441481 uri=s3://personal-projectbucket/imf/IMTS/year=1971/IMTS_1971.csv step_s=44.24","logger":"task.stdout"}
{"timestamp":"2025-12-25T05:48:50.012222Z","level":"info","event":"2025-12-25 05:48:50 | INFO | HTTP GET (stream) | attempt=1/5 | flow=IMTS year=1972 | https://api.imf.org/external/sdmx/2.1/data/IMF.STA,IMTS,latest/all/all?startPeriod=1972&endPeriod=1972","logger":"task.stdout"}
{"timestamp":"2025-12-25T05:49:22.891249Z","level":"info","event":"2025-12-25 05:49:22 | SUCCESS | Uploaded | flow=IMTS year=1972 rows=443708 uri=s3://personal-projectbucket/imf/IMTS/year=1972/IMTS_1972.csv step_s=32.92","logger":"task.stdout"}
{"timestamp":"2025-12-25T05:49:23.120611Z","level":"info","event":"2025-12-25 05:49:23 | INFO | HTTP GET (stream) | attempt=1/5 | flow=CPI year=1998 | https://api.imf.org/external/sdmx/2.1/data/IMF.STA,CPI,latest/all/all?startPeriod=1998&endPeriod=1998","logger":"task.stdout"}
{"timestamp":"2025-12-25T05:49:31.703850Z","level":"info","event":"2025-12-25 05:49:31 | SUCCESS | Uploaded | flow=CPI year=1998 rows=85348 uri=s3://personal-projectbucket/imf/CPI/year=1998/CPI_1998.csv step_s=8.61","logger":"task.stdout"}
{"timestamp":"2025-12-25T05:49:32.147219Z","level":"info","event":"2025-12-25 05:49:32 | INFO | HTTP GET (stream) | attempt=1/5 | flow=CPI year=1999 | https://api.imf.org/external/sdmx/2.1/data/IMF.STA,CPI,latest/all/all?startPeriod=1999&endPeriod=1999","logger":"task.stdout"}
{"timestamp":"2025-12-25T05:49:39.171305Z","level":"info","event":"2025-12-25 05:49:39 | SUCCESS | Uploaded | flow=CPI year=1999 rows=88910 uri=s3://personal-projectbucket/imf/CPI/year=1999/CPI_1999.csv step_s=7.06","logger":"task.stdout"}
{"timestamp":"2025-12-25T05:49:39.504849Z","level":"info","event":"2025-12-25 05:49:39 | INFO | HTTP GET (stream) | attempt=1/5 | flow=CPI year=2000 | https://api.imf.org/external/sdmx/2.1/data/IMF.STA,CPI,latest/all/all?startPeriod=2000&endPeriod=2000","logger":"task.stdout"}
{"timestamp":"2025-12-25T05:49:47.377409Z","level":"info","event":"2025-12-25 05:49:47 | SUCCESS | Uploaded | flow=CPI year=2000 rows=94031 uri=s3://personal-projectbucket/imf/CPI/year=2000/CPI_2000.csv step_s=7.91","logger":"task.stdout"}
{"timestamp":"2025-12-25T05:49:47.558486Z","level":"info","event":"2025-12-25 05:49:47 | INFO | HTTP GET (stream) | attempt=1/5 | flow=CPI year=2001 | https://api.imf.org/external/sdmx/2.1/data/IMF.STA,CPI,latest/all/all?startPeriod=2001&endPeriod=2001","logger":"task.stdout"}
{"timestamp":"2025-12-25T05:49:54.910043Z","level":"info","event":"2025-12-25 05:49:54 | SUCCESS | Uploaded | flow=CPI year=2001 rows=100474 uri=s3://personal-projectbucket/imf/CPI/year=2001/CPI_2001.csv step_s=7.38","logger":"task.stdout"}
{"timestamp":"2025-12-25T05:49:55.109207Z","level":"info","event":"2025-12-25 05:49:55 | INFO | HTTP GET (stream) | attempt=1/5 | flow=CPI year=2002 | https://api.imf.org/external/sdmx/2.1/data/IMF.STA,CPI,latest/all/all?startPeriod=2002&endPeriod=2002","logger":"task.stdout"}
{"timestamp":"2025-12-25T05:50:02.598537Z","level":"info","event":"2025-12-25 05:50:02 | SUCCESS | Uploaded | flow=CPI year=2002 rows=104700 uri=s3://personal-projectbucket/imf/CPI/year=2002/CPI_2002.csv step_s=7.52","logger":"task.stdout"}
{"timestamp":"2025-12-25T05:50:02.760679Z","level":"info","event":"2025-12-25 05:50:02 | INFO | HTTP GET (stream) | attempt=1/5 | flow=IMTS year=2003 | https://api.imf.org/external/sdmx/2.1/data/IMF.STA,IMTS,latest/all/all?startPeriod=2003&endPeriod=2003","logger":"task.stdout"}
{"timestamp":"2025-12-25T05:50:51.911815Z","level":"info","event":"2025-12-25 05:50:51 | SUCCESS | Uploaded | flow=IMTS year=2022 rows=1703770 uri=s3://personal-projectbucket/imf/IMTS/year=2022/IMTS_2022.csv step_s=122.50","logger":"task.stdout"}
{"timestamp":"2025-12-25T05:50:53.342043Z","level":"info","event":"2025-12-25 05:50:53 | INFO | HTTP GET (stream) | attempt=1/5 | flow=CPI year=1963 | https://api.imf.org/external/sdmx/2.1/data/IMF.STA,CPI,latest/all/all?startPeriod=1963&endPeriod=1963","logger":"task.stdout"}
{"timestamp":"2025-12-25T05:50:55.620823Z","level":"info","event":"2025-12-25 05:50:55 | SUCCESS | Uploaded | flow=CPI year=1963 rows=20228 uri=s3://personal-projectbucket/imf/CPI/year=1963/CPI_1963.csv step_s=2.32","logger":"task.stdout"}
{"timestamp":"2025-12-25T05:50:55.771624Z","level":"info","event":"2025-12-25 05:50:55 | INFO | HTTP GET (stream) | attempt=1/5 | flow=CPI year=1964 | https://api.imf.org/external/sdmx/2.1/data/IMF.STA,CPI,latest/all/all?startPeriod=1964&endPeriod=1964","logger":"task.stdout"}
{"timestamp":"2025-12-25T05:50:58.055514Z","level":"info","event":"2025-12-25 05:50:58 | SUCCESS | Uploaded | flow=CPI year=1964 rows=20396 uri=s3://personal-projectbucket/imf/CPI/year=1964/CPI_1964.csv step_s=2.31","logger":"task.stdout"}
{"timestamp":"2025-12-25T05:50:58.247264Z","level":"info","event":"2025-12-25 05:50:58 | INFO | HTTP GET (stream) | attempt=1/5 | flow=CPI year=1965 | https://api.imf.org/external/sdmx/2.1/data/IMF.STA,CPI,latest/all/all?startPeriod=1965&endPeriod=1965","logger":"task.stdout"}
{"timestamp":"2025-12-25T05:51:00.492795Z","level":"info","event":"2025-12-25 05:51:00 | SUCCESS | Uploaded | flow=CPI year=1965 rows=20566 uri=s3://personal-projectbucket/imf/CPI/year=1965/CPI_1965.csv step_s=2.27","logger":"task.stdout"}
{"timestamp":"2025-12-25T05:51:00.649086Z","level":"info","event":"2025-12-25 05:51:00 | INFO | HTTP GET (stream) | attempt=1/5 | flow=CPI year=1966 | https://api.imf.org/external/sdmx/2.1/data/IMF.STA,CPI,latest/all/all?startPeriod=1966&endPeriod=1966","logger":"task.stdout"}
{"timestamp":"2025-12-25T05:51:02.853810Z","level":"info","event":"2025-12-25 05:51:02 | SUCCESS | Uploaded | flow=CPI year=1966 rows=20724 uri=s3://personal-projectbucket/imf/CPI/year=1966/CPI_1966.csv step_s=2.23","logger":"task.stdout"}
{"timestamp":"2025-12-25T05:51:03.024668Z","level":"info","event":"2025-12-25 05:51:03 | INFO | HTTP GET (stream) | attempt=1/5 | flow=CPI year=1967 | https://api.imf.org/external/sdmx/2.1/data/IMF.STA,CPI,latest/all/all?startPeriod=1967&endPeriod=1967","logger":"task.stdout"}
{"timestamp":"2025-12-25T05:51:05.139624Z","level":"info","event":"2025-12-25 05:51:05 | SUCCESS | Uploaded | flow=CPI year=1967 rows=21101 uri=s3://personal-projectbucket/imf/CPI/year=1967/CPI_1967.csv step_s=2.14","logger":"task.stdout"}
{"timestamp":"2025-12-25T05:51:05.281886Z","level":"info","event":"2025-12-25 05:51:05 | INFO | HTTP GET (stream) | attempt=1/5 | flow=IMTS year=2013 | https://api.imf.org/external/sdmx/2.1/data/IMF.STA,IMTS,latest/all/all?startPeriod=2013&endPeriod=2013","logger":"task.stdout"}
{"timestamp":"2025-12-25T05:51:50.046529Z","level":"info","event":"2025-12-25 05:51:50 | SUCCESS | Uploaded | flow=IMTS year=2003 rows=1560885 uri=s3://personal-projectbucket/imf/IMTS/year=2003/IMTS_2003.csv step_s=107.31","logger":"task.stdout"}
{"timestamp":"2025-12-25T05:51:51.547690Z","level":"info","event":"2025-12-25 05:51:51 | INFO | HTTP GET (stream) | attempt=1/5 | flow=IMTS year=2004 | https://api.imf.org/external/sdmx/2.1/data/IMF.STA,IMTS,latest/all/all?startPeriod=2004&endPeriod=2004","logger":"task.stdout"}
{"timestamp":"2025-12-25T05:52:57.369459Z","level":"info","event":"2025-12-25 05:52:57 | SUCCESS | Uploaded | flow=IMTS year=2013 rows=1705543 uri=s3://personal-projectbucket/imf/IMTS/year=2013/IMTS_2013.csv step_s=112.12","logger":"task.stdout"}
{"timestamp":"2025-12-25T05:52:59.367822Z","level":"info","event":"2025-12-25 05:52:59 | INFO | HTTP GET (stream) | attempt=1/5 | flow=IMTS year=2014 | https://api.imf.org/external/sdmx/2.1/data/IMF.STA,IMTS,latest/all/all?startPeriod=2014&endPeriod=2014","logger":"task.stdout"}
{"timestamp":"2025-12-25T05:53:30.517438Z","level":"info","event":"2025-12-25 05:53:30 | SUCCESS | Uploaded | flow=IMTS year=2004 rows=1582042 uri=s3://personal-projectbucket/imf/IMTS/year=2004/IMTS_2004.csv step_s=99.00","logger":"task.stdout"}
{"timestamp":"2025-12-25T05:53:33.982465Z","level":"info","event":"2025-12-25 05:53:33 | INFO | HTTP GET (stream) | attempt=1/5 | flow=IMTS year=2005 | https://api.imf.org/external/sdmx/2.1/data/IMF.STA,IMTS,latest/all/all?startPeriod=2005&endPeriod=2005","logger":"task.stdout"}
{"timestamp":"2025-12-25T05:54:47.474678Z","level":"info","event":"2025-12-25 05:54:47 | SUCCESS | Uploaded | flow=IMTS year=2014 rows=1715997 uri=s3://personal-projectbucket/imf/IMTS/year=2014/IMTS_2014.csv step_s=108.15","logger":"task.stdout"}
{"timestamp":"2025-12-25T05:54:51.290326Z","level":"info","event":"2025-12-25 05:54:51 | INFO | HTTP GET (stream) | attempt=1/5 | flow=IMTS year=2015 | https://api.imf.org/external/sdmx/2.1/data/IMF.STA,IMTS,latest/all/all?startPeriod=2015&endPeriod=2015","logger":"task.stdout"}
{"timestamp":"2025-12-25T05:55:17.946901Z","level":"info","event":"2025-12-25 05:55:17 | SUCCESS | Uploaded | flow=IMTS year=2005 rows=1585136 uri=s3://personal-projectbucket/imf/IMTS/year=2005/IMTS_2005.csv step_s=104.01","logger":"task.stdout"}
{"timestamp":"2025-12-25T05:55:19.717667Z","level":"info","event":"2025-12-25 05:55:19 | INFO | HTTP GET (stream) | attempt=1/5 | flow=IMTS year=2006 | https://api.imf.org/external/sdmx/2.1/data/IMF.STA,IMTS,latest/all/all?startPeriod=2006&endPeriod=2006","logger":"task.stdout"}
{"timestamp":"2025-12-25T05:56:45.471458Z","level":"info","event":"2025-12-25 05:56:45 | SUCCESS | Uploaded | flow=IMTS year=2015 rows=1719785 uri=s3://personal-projectbucket/imf/IMTS/year=2015/IMTS_2015.csv step_s=114.32","logger":"task.stdout"}
{"timestamp":"2025-12-25T05:56:47.443674Z","level":"info","event":"2025-12-25 05:56:47 | INFO | HTTP GET (stream) | attempt=1/5 | flow=IMTS year=2016 | https://api.imf.org/external/sdmx/2.1/data/IMF.STA,IMTS,latest/all/all?startPeriod=2016&endPeriod=2016","logger":"task.stdout"}
{"timestamp":"2025-12-25T05:57:03.399781Z","level":"info","event":"2025-12-25 05:57:03 | SUCCESS | Uploaded | flow=IMTS year=2006 rows=1620995 uri=s3://personal-projectbucket/imf/IMTS/year=2006/IMTS_2006.csv step_s=103.71","logger":"task.stdout"}
{"timestamp":"2025-12-25T05:57:08.716879Z","level":"info","event":"2025-12-25 05:57:08 | INFO | HTTP GET (stream) | attempt=1/5 | flow=IMTS year=2007 | https://api.imf.org/external/sdmx/2.1/data/IMF.STA,IMTS,latest/all/all?startPeriod=2007&endPeriod=2007","logger":"task.stdout"}
{"timestamp":"2025-12-25T05:58:44.049529Z","level":"info","event":"2025-12-25 05:58:44 | SUCCESS | Uploaded | flow=IMTS year=2016 rows=1688887 uri=s3://personal-projectbucket/imf/IMTS/year=2016/IMTS_2016.csv step_s=116.65","logger":"task.stdout"}
{"timestamp":"2025-12-25T05:58:46.169122Z","level":"info","event":"2025-12-25 05:58:46 | INFO | HTTP GET (stream) | attempt=1/5 | flow=IMTS year=2017 | https://api.imf.org/external/sdmx/2.1/data/IMF.STA,IMTS,latest/all/all?startPeriod=2017&endPeriod=2017","logger":"task.stdout"}
{"timestamp":"2025-12-25T05:58:59.815839Z","level":"info","event":"2025-12-25 05:58:59 | SUCCESS | Uploaded | flow=IMTS year=2007 rows=1641435 uri=s3://personal-projectbucket/imf/IMTS/year=2007/IMTS_2007.csv step_s=111.13","logger":"task.stdout"}
{"timestamp":"2025-12-25T05:59:01.569397Z","level":"info","event":"2025-12-25 05:59:01 | INFO | HTTP GET (stream) | attempt=1/5 | flow=CPI year=1983 | https://api.imf.org/external/sdmx/2.1/data/IMF.STA,CPI,latest/all/all?startPeriod=1983&endPeriod=1983","logger":"task.stdout"}
{"timestamp":"2025-12-25T05:59:06.273504Z","level":"info","event":"2025-12-25 05:59:06 | SUCCESS | Uploaded | flow=CPI year=1983 rows=27100 uri=s3://personal-projectbucket/imf/CPI/year=1983/CPI_1983.csv step_s=4.74","logger":"task.stdout"}
{"timestamp":"2025-12-25T05:59:06.620601Z","level":"info","event":"2025-12-25 05:59:06 | INFO | HTTP GET (stream) | attempt=1/5 | flow=CPI year=1984 | https://api.imf.org/external/sdmx/2.1/data/IMF.STA,CPI,latest/all/all?startPeriod=1984&endPeriod=1984","logger":"task.stdout"}
{"timestamp":"2025-12-25T05:59:09.949136Z","level":"info","event":"2025-12-25 05:59:09 | SUCCESS | Uploaded | flow=CPI year=1984 rows=27582 uri=s3://personal-projectbucket/imf/CPI/year=1984/CPI_1984.csv step_s=3.35","logger":"task.stdout"}
{"timestamp":"2025-12-25T05:59:10.117812Z","level":"info","event":"2025-12-25 05:59:10 | INFO | HTTP GET (stream) | attempt=1/5 | flow=CPI year=1985 | https://api.imf.org/external/sdmx/2.1/data/IMF.STA,CPI,latest/all/all?startPeriod=1985&endPeriod=1985","logger":"task.stdout"}
{"timestamp":"2025-12-25T05:59:13.593119Z","level":"info","event":"2025-12-25 05:59:13 | SUCCESS | Uploaded | flow=CPI year=1985 rows=28261 uri=s3://personal-projectbucket/imf/CPI/year=1985/CPI_1985.csv step_s=3.51","logger":"task.stdout"}
{"timestamp":"2025-12-25T05:59:13.759315Z","level":"info","event":"2025-12-25 05:59:13 | INFO | HTTP GET (stream) | attempt=1/5 | flow=CPI year=1986 | https://api.imf.org/external/sdmx/2.1/data/IMF.STA,CPI,latest/all/all?startPeriod=1986&endPeriod=1986","logger":"task.stdout"}
{"timestamp":"2025-12-25T05:59:16.521101Z","level":"info","event":"2025-12-25 05:59:16 | SUCCESS | Uploaded | flow=CPI year=1986 rows=28909 uri=s3://personal-projectbucket/imf/CPI/year=1986/CPI_1986.csv step_s=2.79","logger":"task.stdout"}
{"timestamp":"2025-12-25T05:59:16.835272Z","level":"info","event":"2025-12-25 05:59:16 | INFO | HTTP GET (stream) | attempt=1/5 | flow=CPI year=1987 | https://api.imf.org/external/sdmx/2.1/data/IMF.STA,CPI,latest/all/all?startPeriod=1987&endPeriod=1987","logger":"task.stdout"}
{"timestamp":"2025-12-25T05:59:19.930016Z","level":"info","event":"2025-12-25 05:59:19 | SUCCESS | Uploaded | flow=CPI year=1987 rows=28957 uri=s3://personal-projectbucket/imf/CPI/year=1987/CPI_1987.csv step_s=3.13","logger":"task.stdout"}
{"timestamp":"2025-12-25T05:59:20.104311Z","level":"info","event":"2025-12-25 05:59:20 | INFO | HTTP GET (stream) | attempt=1/5 | flow=BOP year=1993 | https://api.imf.org/external/sdmx/2.1/data/IMF.STA,BOP,latest/all/all?startPeriod=1993&endPeriod=1993","logger":"task.stdout"}
{"timestamp":"2025-12-25T06:00:32.295205Z","level":"info","event":"2025-12-25 06:00:32 | SUCCESS | Uploaded | flow=BOP year=1993 rows=106044 uri=s3://personal-projectbucket/imf/BOP/year=1993/BOP_1993.csv step_s=72.23","logger":"task.stdout"}
{"timestamp":"2025-12-25T06:00:33.223824Z","level":"info","event":"2025-12-25 06:00:33 | INFO | HTTP GET (stream) | attempt=1/5 | flow=BOP year=1994 | https://api.imf.org/external/sdmx/2.1/data/IMF.STA,BOP,latest/all/all?startPeriod=1994&endPeriod=1994","logger":"task.stdout"}
{"timestamp":"2025-12-25T06:00:33.472424Z","level":"info","event":"2025-12-25 06:00:33 | SUCCESS | Uploaded | flow=IMTS year=2017 rows=1682289 uri=s3://personal-projectbucket/imf/IMTS/year=2017/IMTS_2017.csv step_s=107.36","logger":"task.stdout"}
{"timestamp":"2025-12-25T06:00:34.462908Z","level":"info","event":"2025-12-25 06:00:34 | INFO | HTTP GET (stream) | attempt=1/5 | flow=BOP year=1978 | https://api.imf.org/external/sdmx/2.1/data/IMF.STA,BOP,latest/all/all?startPeriod=1978&endPeriod=1978","logger":"task.stdout"}
{"timestamp":"2025-12-25T06:00:51.553626Z","level":"info","event":"2025-12-25 06:00:51 | SUCCESS | Uploaded | flow=BOP year=1978 rows=66320 uri=s3://personal-projectbucket/imf/BOP/year=1978/BOP_1978.csv step_s=17.12","logger":"task.stdout"}
{"timestamp":"2025-12-25T06:00:51.932248Z","level":"info","event":"2025-12-25 06:00:51 | INFO | HTTP GET (stream) | attempt=1/5 | flow=BOP year=1979 | https://api.imf.org/external/sdmx/2.1/data/IMF.STA,BOP,latest/all/all?startPeriod=1979&endPeriod=1979","logger":"task.stdout"}
{"timestamp":"2025-12-25T06:01:05.260925Z","level":"info","event":"2025-12-25 06:01:05 | SUCCESS | Uploaded | flow=BOP year=1994 rows=121549 uri=s3://personal-projectbucket/imf/BOP/year=1994/BOP_1994.csv step_s=32.07","logger":"task.stdout"}
{"timestamp":"2025-12-25T06:01:05.539453Z","level":"info","event":"2025-12-25 06:01:05 | INFO | HTTP GET (stream) | attempt=1/5 | flow=BOP year=1995 | https://api.imf.org/external/sdmx/2.1/data/IMF.STA,BOP,latest/all/all?startPeriod=1995&endPeriod=1995","logger":"task.stdout"}
{"timestamp":"2025-12-25T06:01:08.844763Z","level":"info","event":"2025-12-25 06:01:08 | SUCCESS | Uploaded | flow=BOP year=1979 rows=67985 uri=s3://personal-projectbucket/imf/BOP/year=1979/BOP_1979.csv step_s=16.95","logger":"task.stdout"}
{"timestamp":"2025-12-25T06:01:09.085293Z","level":"info","event":"2025-12-25 06:01:09 | INFO | HTTP GET (stream) | attempt=1/5 | flow=BOP year=1980 | https://api.imf.org/external/sdmx/2.1/data/IMF.STA,BOP,latest/all/all?startPeriod=1980&endPeriod=1980","logger":"task.stdout"}
{"timestamp":"2025-12-25T06:01:29.448404Z","level":"info","event":"2025-12-25 06:01:29 | SUCCESS | Uploaded | flow=BOP year=1980 rows=70363 uri=s3://personal-projectbucket/imf/BOP/year=1980/BOP_1980.csv step_s=20.40","logger":"task.stdout"}
{"timestamp":"2025-12-25T06:01:29.770908Z","level":"info","event":"2025-12-25 06:01:29 | INFO | HTTP GET (stream) | attempt=1/5 | flow=BOP year=1981 | https://api.imf.org/external/sdmx/2.1/data/IMF.STA,BOP,latest/all/all?startPeriod=1981&endPeriod=1981","logger":"task.stdout"}
{"timestamp":"2025-12-25T06:01:39.492850Z","level":"info","event":"2025-12-25 06:01:39 | SUCCESS | Uploaded | flow=BOP year=1995 rows=126881 uri=s3://personal-projectbucket/imf/BOP/year=1995/BOP_1995.csv step_s=33.99","logger":"task.stdout"}
{"timestamp":"2025-12-25T06:01:39.697633Z","level":"info","event":"2025-12-25 06:01:39 | INFO | HTTP GET (stream) | attempt=1/5 | flow=BOP year=1996 | https://api.imf.org/external/sdmx/2.1/data/IMF.STA,BOP,latest/all/all?startPeriod=1996&endPeriod=1996","logger":"task.stdout"}
{"timestamp":"2025-12-25T06:01:51.334557Z","level":"info","event":"2025-12-25 06:01:51 | SUCCESS | Uploaded | flow=BOP year=1981 rows=73213 uri=s3://personal-projectbucket/imf/BOP/year=1981/BOP_1981.csv step_s=21.59","logger":"task.stdout"}
{"timestamp":"2025-12-25T06:01:51.685944Z","level":"info","event":"2025-12-25 06:01:51 | INFO | HTTP GET (stream) | attempt=1/5 | flow=BOP year=1982 | https://api.imf.org/external/sdmx/2.1/data/IMF.STA,BOP,latest/all/all?startPeriod=1982&endPeriod=1982","logger":"task.stdout"}
{"timestamp":"2025-12-25T06:02:15.196225Z","level":"info","event":"2025-12-25 06:02:15 | SUCCESS | Uploaded | flow=BOP year=1982 rows=74501 uri=s3://personal-projectbucket/imf/BOP/year=1982/BOP_1982.csv step_s=23.54","logger":"task.stdout"}
{"timestamp":"2025-12-25T06:02:15.758341Z","level":"info","event":"2025-12-25 06:02:15 | INFO | HTTP GET (stream) | attempt=1/5 | flow=BOP year=1973 | https://api.imf.org/external/sdmx/2.1/data/IMF.STA,BOP,latest/all/all?startPeriod=1973&endPeriod=1973","logger":"task.stdout"}
{"timestamp":"2025-12-25T06:02:15.973858Z","level":"info","event":"2025-12-25 06:02:15 | SUCCESS | Uploaded | flow=BOP year=1996 rows=137418 uri=s3://personal-projectbucket/imf/BOP/year=1996/BOP_1996.csv step_s=36.31","logger":"task.stdout"}
{"timestamp":"2025-12-25T06:02:16.289122Z","level":"info","event":"2025-12-25 06:02:16 | INFO | HTTP GET (stream) | attempt=1/5 | flow=BOP year=1997 | https://api.imf.org/external/sdmx/2.1/data/IMF.STA,BOP,latest/all/all?startPeriod=1997&endPeriod=1997","logger":"task.stdout"}
{"timestamp":"2025-12-25T06:02:22.355057Z","level":"info","event":"2025-12-25 06:02:22 | SUCCESS | Uploaded | flow=BOP year=1973 rows=14841 uri=s3://personal-projectbucket/imf/BOP/year=1973/BOP_1973.csv step_s=6.63","logger":"task.stdout"}
{"timestamp":"2025-12-25T06:02:22.727143Z","level":"info","event":"2025-12-25 06:02:22 | INFO | HTTP GET (stream) | attempt=1/5 | flow=BOP year=1974 | https://api.imf.org/external/sdmx/2.1/data/IMF.STA,BOP,latest/all/all?startPeriod=1974&endPeriod=1974","logger":"task.stdout"}
{"timestamp":"2025-12-25T06:02:31.393334Z","level":"info","event":"2025-12-25 06:02:31 | SUCCESS | Uploaded | flow=BOP year=1974 rows=17609 uri=s3://personal-projectbucket/imf/BOP/year=1974/BOP_1974.csv step_s=8.70","logger":"task.stdout"}
{"timestamp":"2025-12-25T06:02:31.698614Z","level":"info","event":"2025-12-25 06:02:31 | INFO | HTTP GET (stream) | attempt=1/5 | flow=BOP year=1975 | https://api.imf.org/external/sdmx/2.1/data/IMF.STA,BOP,latest/all/all?startPeriod=1975&endPeriod=1975","logger":"task.stdout"}
{"timestamp":"2025-12-25T06:02:43.565593Z","level":"info","event":"2025-12-25 06:02:43 | SUCCESS | Uploaded | flow=BOP year=1975 rows=32660 uri=s3://personal-projectbucket/imf/BOP/year=1975/BOP_1975.csv step_s=11.90","logger":"task.stdout"}
{"timestamp":"2025-12-25T06:02:43.967200Z","level":"info","event":"2025-12-25 06:02:43 | INFO | HTTP GET (stream) | attempt=1/5 | flow=BOP year=1976 | https://api.imf.org/external/sdmx/2.1/data/IMF.STA,BOP,latest/all/all?startPeriod=1976&endPeriod=1976","logger":"task.stdout"}
{"timestamp":"2025-12-25T06:02:53.709364Z","level":"info","event":"2025-12-25 06:02:53 | SUCCESS | Uploaded | flow=BOP year=1997 rows=145664 uri=s3://personal-projectbucket/imf/BOP/year=1997/BOP_1997.csv step_s=37.45","logger":"task.stdout"}
{"timestamp":"2025-12-25T06:02:54.143249Z","level":"info","event":"2025-12-25 06:02:54 | INFO | HTTP GET (stream) | attempt=1/5 | flow=IMTS year=1998 | https://api.imf.org/external/sdmx/2.1/data/IMF.STA,IMTS,latest/all/all?startPeriod=1998&endPeriod=1998","logger":"task.stdout"}
{"timestamp":"2025-12-25T06:02:59.243774Z","level":"info","event":"2025-12-25 06:02:59 | SUCCESS | Uploaded | flow=BOP year=1976 rows=48505 uri=s3://personal-projectbucket/imf/BOP/year=1976/BOP_1976.csv step_s=15.31","logger":"task.stdout"}
{"timestamp":"2025-12-25T06:02:59.624734Z","level":"info","event":"2025-12-25 06:02:59 | INFO | HTTP GET (stream) | attempt=1/5 | flow=BOP year=1977 | https://api.imf.org/external/sdmx/2.1/data/IMF.STA,BOP,latest/all/all?startPeriod=1977&endPeriod=1977","logger":"task.stdout"}
{"timestamp":"2025-12-25T06:03:14.881923Z","level":"info","event":"2025-12-25 06:03:14 | SUCCESS | Uploaded | flow=BOP year=1977 rows=64289 uri=s3://personal-projectbucket/imf/BOP/year=1977/BOP_1977.csv step_s=15.29","logger":"task.stdout"}
{"timestamp":"2025-12-25T06:03:15.256446Z","level":"info","event":"2025-12-25 06:03:15 | INFO | HTTP GET (stream) | attempt=1/5 | flow=BOP year=1998 | https://api.imf.org/external/sdmx/2.1/data/IMF.STA,BOP,latest/all/all?startPeriod=1998&endPeriod=1998","logger":"task.stdout"}
{"timestamp":"2025-12-25T06:03:58.943074Z","level":"info","event":"2025-12-25 06:03:58 | SUCCESS | Uploaded | flow=BOP year=1998 rows=159158 uri=s3://personal-projectbucket/imf/BOP/year=1998/BOP_1998.csv step_s=43.71","logger":"task.stdout"}
{"timestamp":"2025-12-25T06:03:59.112840Z","level":"info","event":"2025-12-25 06:03:59 | INFO | HTTP GET (stream) | attempt=1/5 | flow=BOP year=1999 | https://api.imf.org/external/sdmx/2.1/data/IMF.STA,BOP,latest/all/all?startPeriod=1999&endPeriod=1999","logger":"task.stdout"}
{"timestamp":"2025-12-25T06:04:44.372309Z","level":"info","event":"2025-12-25 06:04:44 | SUCCESS | Uploaded | flow=IMTS year=1998 rows=1324001 uri=s3://personal-projectbucket/imf/IMTS/year=1998/IMTS_1998.csv step_s=110.25","logger":"task.stdout"}
{"timestamp":"2025-12-25T06:04:45.469912Z","level":"info","event":"2025-12-25 06:04:45 | INFO | HTTP GET (stream) | attempt=1/5 | flow=IMTS year=1999 | https://api.imf.org/external/sdmx/2.1/data/IMF.STA,IMTS,latest/all/all?startPeriod=1999&endPeriod=1999","logger":"task.stdout"}
{"timestamp":"2025-12-25T06:04:46.046704Z","level":"info","event":"2025-12-25 06:04:46 | SUCCESS | Uploaded | flow=BOP year=1999 rows=176038 uri=s3://personal-projectbucket/imf/BOP/year=1999/BOP_1999.csv step_s=46.97","logger":"task.stdout"}
{"timestamp":"2025-12-25T06:04:46.326138Z","level":"info","event":"2025-12-25 06:04:46 | INFO | HTTP GET (stream) | attempt=1/5 | flow=BOP year=2000 | https://api.imf.org/external/sdmx/2.1/data/IMF.STA,BOP,latest/all/all?startPeriod=2000&endPeriod=2000","logger":"task.stdout"}
{"timestamp":"2025-12-25T06:05:32.910001Z","level":"info","event":"2025-12-25 06:05:32 | SUCCESS | Uploaded | flow=BOP year=2000 rows=201590 uri=s3://personal-projectbucket/imf/BOP/year=2000/BOP_2000.csv step_s=46.61","logger":"task.stdout"}
{"timestamp":"2025-12-25T06:05:33.495277Z","level":"info","event":"2025-12-25 06:05:33 | INFO | HTTP GET (stream) | attempt=1/5 | flow=BOP year=2001 | https://api.imf.org/external/sdmx/2.1/data/IMF.STA,BOP,latest/all/all?startPeriod=2001&endPeriod=2001","logger":"task.stdout"}
{"timestamp":"2025-12-25T06:06:44.977125Z","level":"info","event":"2025-12-25 06:06:44 | SUCCESS | Uploaded | flow=BOP year=2001 rows=214380 uri=s3://personal-projectbucket/imf/BOP/year=2001/BOP_2001.csv step_s=71.52","logger":"task.stdout"}
{"timestamp":"2025-12-25T06:06:45.711341Z","level":"info","event":"2025-12-25 06:06:45 | INFO | HTTP GET (stream) | attempt=1/5 | flow=BOP year=2002 | https://api.imf.org/external/sdmx/2.1/data/IMF.STA,BOP,latest/all/all?startPeriod=2002&endPeriod=2002","logger":"task.stdout"}
{"timestamp":"2025-12-25T06:06:45.941959Z","level":"info","event":"2025-12-25 06:06:45 | SUCCESS | Uploaded | flow=IMTS year=1999 rows=1345660 uri=s3://personal-projectbucket/imf/IMTS/year=1999/IMTS_1999.csv step_s=120.50","logger":"task.stdout"}
{"timestamp":"2025-12-25T06:06:46.620227Z","level":"info","event":"2025-12-25 06:06:46 | INFO | HTTP GET (stream) | attempt=1/5 | flow=IMTS year=2000 | https://api.imf.org/external/sdmx/2.1/data/IMF.STA,IMTS,latest/all/all?startPeriod=2000&endPeriod=2000","logger":"task.stdout"}
{"timestamp":"2025-12-25T06:07:36.506756Z","level":"info","event":"2025-12-25 06:07:36 | SUCCESS | Uploaded | flow=BOP year=2002 rows=234929 uri=s3://personal-projectbucket/imf/BOP/year=2002/BOP_2002.csv step_s=50.82","logger":"task.stdout"}
{"timestamp":"2025-12-25T06:07:37.101839Z","level":"info","event":"2025-12-25 06:07:37 | INFO | HTTP GET (stream) | attempt=1/5 | flow=BOP year=2003 | https://api.imf.org/external/sdmx/2.1/data/IMF.STA,BOP,latest/all/all?startPeriod=2003&endPeriod=2003","logger":"task.stdout"}
{"timestamp":"2025-12-25T06:08:50.682511Z","level":"info","event":"2025-12-25 06:08:50 | SUCCESS | Uploaded | flow=BOP year=2003 rows=243157 uri=s3://personal-projectbucket/imf/BOP/year=2003/BOP_2003.csv step_s=73.46","logger":"task.stdout"}
{"timestamp":"2025-12-25T06:08:51.428248Z","level":"info","event":"2025-12-25 06:08:51 | INFO | HTTP GET (stream) | attempt=1/5 | flow=BOP year=2004 | https://api.imf.org/external/sdmx/2.1/data/IMF.STA,BOP,latest/all/all?startPeriod=2004&endPeriod=2004","logger":"task.stdout"}
{"timestamp":"2025-12-25T06:08:51.518093Z","level":"info","event":"2025-12-25 06:08:51 | SUCCESS | Uploaded | flow=IMTS year=2000 rows=1468533 uri=s3://personal-projectbucket/imf/IMTS/year=2000/IMTS_2000.csv step_s=124.78","logger":"task.stdout"}
{"timestamp":"2025-12-25T06:08:52.157200Z","level":"info","event":"2025-12-25 06:08:52 | INFO | HTTP GET (stream) | attempt=1/5 | flow=IMTS year=2001 | https://api.imf.org/external/sdmx/2.1/data/IMF.STA,IMTS,latest/all/all?startPeriod=2001&endPeriod=2001","logger":"task.stdout"}
{"timestamp":"2025-12-25T06:09:22.815577Z","level":"info","event":"2025-12-25 06:09:22 | WARNING | Transient HTTP error | attempt=1/5 | flow=BOP year=2004 | ChunkedEncodingError(ProtocolError('Connection broken: IncompleteRead(7065 bytes read, 1127 more expected)', IncompleteRead(7065 bytes read, 1127 more expected)))","logger":"task.stdout"}
{"timestamp":"2025-12-25T06:09:23.304698Z","level":"info","event":"2025-12-25 06:09:23 | WARNING | Transient HTTP error | attempt=1/5 | flow=IMTS year=2001 | ChunkedEncodingError(ProtocolError('Connection broken: IncompleteRead(23209 bytes read, 1367 more expected)', IncompleteRead(23209 bytes read, 1367 more expected)))","logger":"task.stdout"}
{"timestamp":"2025-12-25T06:09:24.330822Z","level":"info","event":"2025-12-25 06:09:24 | INFO | HTTP GET (stream) | attempt=2/5 | flow=BOP year=2004 | https://api.imf.org/external/sdmx/2.1/data/IMF.STA,BOP,latest/all/all?startPeriod=2004&endPeriod=2004","logger":"task.stdout"}
{"timestamp":"2025-12-25T06:09:24.829952Z","level":"info","event":"2025-12-25 06:09:24 | INFO | HTTP GET (stream) | attempt=2/5 | flow=IMTS year=2001 | https://api.imf.org/external/sdmx/2.1/data/IMF.STA,IMTS,latest/all/all?startPeriod=2001&endPeriod=2001","logger":"task.stdout"}
