{"timestamp":"2025-12-25T05:05:49.598918Z","level":"info","event":"DAG bundles loaded: dags-folder","logger":"airflow.dag_processing.bundles.manager.DagBundlesManager","filename":"manager.py","lineno":179}
{"timestamp":"2025-12-25T05:05:49.599519Z","level":"info","event":"Filling up the DagBag from /opt/airflow/dags/dag.py","logger":"airflow.models.dagbag.DagBag","filename":"dagbag.py","lineno":593}
{"timestamp":"2025-12-25T05:05:49.823059Z","level":"warning","event":"The `airflow.operators.python.PythonOperator` attribute is deprecated. Please use `'airflow.providers.standard.operators.python.PythonOperator'`.","category":"DeprecatedImportWarning","filename":"/opt/airflow/dags/dag.py","lineno":4,"logger":"py.warnings"}
{"timestamp":"2025-12-25T05:05:49.838346Z","level":"info","event":"2025-12-25 05:05:49 | INFO | IMF Pipeline start | run_id=20251225T050549Z flows=3 years=1948..2025 expected=234 chunk=5 workers=2 http_limit=2 s3_limit=2 gzip=False skip_exists=True manifest=True","logger":"task.stdout"}
{"timestamp":"2025-12-25T05:05:51.609053Z","level":"info","event":"2025-12-25 05:05:51 | INFO | HTTP GET (stream) | attempt=1/5 | Ellipsis | https://api.imf.org/external/sdmx/2.1/data/IMF.STA,IMTS,latest/all/all?startPeriod=2013&endPeriod=2013","logger":"task.stdout"}
{"timestamp":"2025-12-25T05:05:51.617120Z","level":"info","event":"2025-12-25 05:05:51 | INFO | HTTP GET (stream) | attempt=1/5 | Ellipsis | https://api.imf.org/external/sdmx/2.1/data/IMF.STA,IMTS,latest/all/all?startPeriod=1958&endPeriod=1958","logger":"task.stdout"}
{"timestamp":"2025-12-25T05:05:51.625582Z","level":"info","event":"2025-12-25 05:05:51 | INFO | HTTP GET (stream) | attempt=1/5 | Ellipsis | https://api.imf.org/external/sdmx/2.1/data/IMF.STA,IMTS,latest/all/all?startPeriod=2023&endPeriod=2023","logger":"task.stdout"}
{"timestamp":"2025-12-25T05:05:51.644583Z","level":"info","event":"2025-12-25 05:05:51 | INFO | HTTP GET (stream) | attempt=1/5 | Ellipsis | https://api.imf.org/external/sdmx/2.1/data/IMF.STA,BOP,latest/all/all?startPeriod=1963&endPeriod=1963","logger":"task.stdout"}
{"timestamp":"2025-12-25T05:05:51.648968Z","level":"info","event":"2025-12-25 05:05:51 | INFO | HTTP GET (stream) | attempt=1/5 | Ellipsis | https://api.imf.org/external/sdmx/2.1/data/IMF.STA,BOP,latest/all/all?startPeriod=2003&endPeriod=2003","logger":"task.stdout"}
{"timestamp":"2025-12-25T05:05:51.657599Z","level":"info","event":"2025-12-25 05:05:51 | INFO | HTTP GET (stream) | attempt=1/5 | Ellipsis | https://api.imf.org/external/sdmx/2.1/data/IMF.STA,CPI,latest/all/all?startPeriod=2018&endPeriod=2018","logger":"task.stdout"}
{"timestamp":"2025-12-25T05:05:51.658031Z","level":"info","event":"2025-12-25 05:05:51 | INFO | HTTP GET (stream) | attempt=1/5 | Ellipsis | https://api.imf.org/external/sdmx/2.1/data/IMF.STA,IMTS,latest/all/all?startPeriod=1988&endPeriod=1988","logger":"task.stdout"}
{"timestamp":"2025-12-25T05:05:51.663524Z","level":"info","event":"2025-12-25 05:05:51 | INFO | HTTP GET (stream) | attempt=1/5 | Ellipsis | https://api.imf.org/external/sdmx/2.1/data/IMF.STA,BOP,latest/all/all?startPeriod=1993&endPeriod=1993","logger":"task.stdout"}
{"timestamp":"2025-12-25T05:05:51.666426Z","level":"info","event":"2025-12-25 05:05:51 | INFO | HTTP GET (stream) | attempt=1/5 | Ellipsis | https://api.imf.org/external/sdmx/2.1/data/IMF.STA,CPI,latest/all/all?startPeriod=1983&endPeriod=1983","logger":"task.stdout"}
{"timestamp":"2025-12-25T05:05:51.668537Z","level":"info","event":"2025-12-25 05:05:51 | INFO | HTTP GET (stream) | attempt=1/5 | Ellipsis | https://api.imf.org/external/sdmx/2.1/data/IMF.STA,CPI,latest/all/all?startPeriod=1973&endPeriod=1973","logger":"task.stdout"}
{"timestamp":"2025-12-25T05:05:54.829592Z","level":"info","event":"2025-12-25 05:05:54 | INFO | HTTP GET (stream) | attempt=1/5 | Ellipsis | https://api.imf.org/external/sdmx/2.1/data/IMF.STA,CPI,latest/all/all?startPeriod=1984&endPeriod=1984","logger":"task.stdout"}
{"timestamp":"2025-12-25T05:05:54.862729Z","level":"info","event":"2025-12-25 05:05:54 | INFO | HTTP GET (stream) | attempt=1/5 | Ellipsis | https://api.imf.org/external/sdmx/2.1/data/IMF.STA,CPI,latest/all/all?startPeriod=1974&endPeriod=1974","logger":"task.stdout"}
{"timestamp":"2025-12-25T05:05:56.482144Z","level":"info","event":"2025-12-25 05:05:56 | INFO | HTTP GET (stream) | attempt=1/5 | Ellipsis | https://api.imf.org/external/sdmx/2.1/data/IMF.STA,CPI,latest/all/all?startPeriod=1975&endPeriod=1975","logger":"task.stdout"}
{"timestamp":"2025-12-25T05:05:56.515639Z","level":"info","event":"2025-12-25 05:05:56 | INFO | HTTP GET (stream) | attempt=1/5 | Ellipsis | https://api.imf.org/external/sdmx/2.1/data/IMF.STA,CPI,latest/all/all?startPeriod=1985&endPeriod=1985","logger":"task.stdout"}
{"timestamp":"2025-12-25T05:05:58.206967Z","level":"info","event":"2025-12-25 05:05:58 | INFO | HTTP GET (stream) | attempt=1/5 | Ellipsis | https://api.imf.org/external/sdmx/2.1/data/IMF.STA,CPI,latest/all/all?startPeriod=1976&endPeriod=1976","logger":"task.stdout"}
{"timestamp":"2025-12-25T05:05:58.387734Z","level":"info","event":"2025-12-25 05:05:58 | INFO | HTTP GET (stream) | attempt=1/5 | Ellipsis | https://api.imf.org/external/sdmx/2.1/data/IMF.STA,CPI,latest/all/all?startPeriod=1986&endPeriod=1986","logger":"task.stdout"}
{"timestamp":"2025-12-25T05:05:58.431121Z","level":"info","event":"2025-12-25 05:05:58 | INFO | HTTP GET (stream) | attempt=1/5 | Ellipsis | https://api.imf.org/external/sdmx/2.1/data/IMF.STA,BOP,latest/all/all?startPeriod=1964&endPeriod=1964","logger":"task.stdout"}
{"timestamp":"2025-12-25T05:05:59.858204Z","level":"info","event":"2025-12-25 05:05:59 | INFO | HTTP GET (stream) | attempt=1/5 | Ellipsis | https://api.imf.org/external/sdmx/2.1/data/IMF.STA,CPI,latest/all/all?startPeriod=1977&endPeriod=1977","logger":"task.stdout"}
{"timestamp":"2025-12-25T05:06:00.400012Z","level":"info","event":"2025-12-25 05:06:00 | INFO | HTTP GET (stream) | attempt=1/5 | Ellipsis | https://api.imf.org/external/sdmx/2.1/data/IMF.STA,BOP,latest/all/all?startPeriod=1965&endPeriod=1965","logger":"task.stdout"}
{"timestamp":"2025-12-25T05:06:00.695005Z","level":"info","event":"2025-12-25 05:06:00 | INFO | HTTP GET (stream) | attempt=1/5 | Ellipsis | https://api.imf.org/external/sdmx/2.1/data/IMF.STA,CPI,latest/all/all?startPeriod=1987&endPeriod=1987","logger":"task.stdout"}
{"timestamp":"2025-12-25T05:06:00.741363Z","level":"info","event":"2025-12-25 05:06:00 | INFO | HTTP GET (stream) | attempt=1/5 | Ellipsis | https://api.imf.org/external/sdmx/2.1/data/IMF.STA,CPI,latest/all/all?startPeriod=2019&endPeriod=2019","logger":"task.stdout"}
{"timestamp":"2025-12-25T05:06:01.890593Z","level":"info","event":"2025-12-25 05:06:01 | INFO | HTTP GET (stream) | attempt=1/5 | Ellipsis | https://api.imf.org/external/sdmx/2.1/data/IMF.STA,IMTS,latest/all/all?startPeriod=1953&endPeriod=1953","logger":"task.stdout"}
{"timestamp":"2025-12-25T05:06:02.454142Z","level":"info","event":"2025-12-25 05:06:02 | INFO | HTTP GET (stream) | attempt=1/5 | Ellipsis | https://api.imf.org/external/sdmx/2.1/data/IMF.STA,BOP,latest/all/all?startPeriod=1966&endPeriod=1966","logger":"task.stdout"}
{"timestamp":"2025-12-25T05:06:02.490653Z","level":"info","event":"2025-12-25 05:06:02 | INFO | HTTP GET (stream) | attempt=1/5 | Ellipsis | https://api.imf.org/external/sdmx/2.1/data/IMF.STA,CPI,latest/all/all?startPeriod=2023&endPeriod=2023","logger":"task.stdout"}
{"timestamp":"2025-12-25T05:06:05.493738Z","level":"info","event":"2025-12-25 05:06:05 | INFO | HTTP GET (stream) | attempt=1/5 | Ellipsis | https://api.imf.org/external/sdmx/2.1/data/IMF.STA,BOP,latest/all/all?startPeriod=1967&endPeriod=1967","logger":"task.stdout"}
{"timestamp":"2025-12-25T05:06:07.597179Z","level":"info","event":"2025-12-25 05:06:07 | INFO | HTTP GET (stream) | attempt=1/5 | Ellipsis | https://api.imf.org/external/sdmx/2.1/data/IMF.STA,CPI,latest/all/all?startPeriod=2020&endPeriod=2020","logger":"task.stdout"}
{"timestamp":"2025-12-25T05:06:08.083645Z","level":"info","event":"2025-12-25 05:06:08 | INFO | HTTP GET (stream) | attempt=1/5 | Ellipsis | https://api.imf.org/external/sdmx/2.1/data/IMF.STA,IMTS,latest/all/all?startPeriod=1973&endPeriod=1973","logger":"task.stdout"}
{"timestamp":"2025-12-25T05:06:09.090252Z","level":"info","event":"2025-12-25 05:06:09 | INFO | HTTP GET (stream) | attempt=1/5 | Ellipsis | https://api.imf.org/external/sdmx/2.1/data/IMF.STA,CPI,latest/all/all?startPeriod=2024&endPeriod=2024","logger":"task.stdout"}
{"timestamp":"2025-12-25T05:06:14.171279Z","level":"info","event":"2025-12-25 05:06:14 | INFO | HTTP GET (stream) | attempt=1/5 | Ellipsis | https://api.imf.org/external/sdmx/2.1/data/IMF.STA,CPI,latest/all/all?startPeriod=2021&endPeriod=2021","logger":"task.stdout"}
{"timestamp":"2025-12-25T05:06:15.842236Z","level":"info","event":"2025-12-25 05:06:15 | INFO | HTTP GET (stream) | attempt=1/5 | Ellipsis | https://api.imf.org/external/sdmx/2.1/data/IMF.STA,CPI,latest/all/all?startPeriod=2025&endPeriod=2025","logger":"task.stdout"}
{"timestamp":"2025-12-25T05:06:17.166036Z","level":"info","event":"2025-12-25 05:06:17 | INFO | HTTP GET (stream) | attempt=1/5 | Ellipsis | https://api.imf.org/external/sdmx/2.1/data/IMF.STA,IMTS,latest/all/all?startPeriod=1954&endPeriod=1954","logger":"task.stdout"}
{"timestamp":"2025-12-25T05:06:17.261023Z","level":"info","event":"2025-12-25 05:06:17 | INFO | HTTP GET (stream) | attempt=1/5 | Ellipsis | https://api.imf.org/external/sdmx/2.1/data/IMF.STA,IMTS,latest/all/all?startPeriod=1959&endPeriod=1959","logger":"task.stdout"}
{"timestamp":"2025-12-25T05:06:20.047042Z","level":"info","event":"2025-12-25 05:06:20 | INFO | HTTP GET (stream) | attempt=1/5 | Ellipsis | https://api.imf.org/external/sdmx/2.1/data/IMF.STA,BOP,latest/all/all?startPeriod=1948&endPeriod=1948","logger":"task.stdout"}
{"timestamp":"2025-12-25T05:06:20.757647Z","level":"info","event":"2025-12-25 05:06:20 | INFO | HTTP GET (stream) | attempt=1/5 | Ellipsis | https://api.imf.org/external/sdmx/2.1/data/IMF.STA,CPI,latest/all/all?startPeriod=2022&endPeriod=2022","logger":"task.stdout"}
{"timestamp":"2025-12-25T05:06:21.433178Z","level":"info","event":"2025-12-25 05:06:21 | INFO | HTTP GET (stream) | attempt=1/5 | Ellipsis | https://api.imf.org/external/sdmx/2.1/data/IMF.STA,BOP,latest/all/all?startPeriod=1949&endPeriod=1949","logger":"task.stdout"}
{"timestamp":"2025-12-25T05:06:22.631093Z","level":"info","event":"2025-12-25 05:06:22 | INFO | HTTP GET (stream) | attempt=1/5 | Ellipsis | https://api.imf.org/external/sdmx/2.1/data/IMF.STA,BOP,latest/all/all?startPeriod=1950&endPeriod=1950","logger":"task.stdout"}
{"timestamp":"2025-12-25T05:06:22.922354Z","level":"info","event":"2025-12-25 05:06:22 | INFO | HTTP GET (stream) | attempt=1/5 | Ellipsis | https://api.imf.org/external/sdmx/2.1/data/IMF.STA,IMTS,latest/all/all?startPeriod=1955&endPeriod=1955","logger":"task.stdout"}
{"timestamp":"2025-12-25T05:06:23.872961Z","level":"info","event":"2025-12-25 05:06:23 | INFO | HTTP GET (stream) | attempt=1/5 | Ellipsis | https://api.imf.org/external/sdmx/2.1/data/IMF.STA,BOP,latest/all/all?startPeriod=1951&endPeriod=1951","logger":"task.stdout"}
{"timestamp":"2025-12-25T05:06:25.057858Z","level":"info","event":"2025-12-25 05:06:25 | INFO | HTTP GET (stream) | attempt=1/5 | Ellipsis | https://api.imf.org/external/sdmx/2.1/data/IMF.STA,BOP,latest/all/all?startPeriod=1952&endPeriod=1952","logger":"task.stdout"}
{"timestamp":"2025-12-25T05:06:26.253411Z","level":"info","event":"2025-12-25 05:06:26 | INFO | HTTP GET (stream) | attempt=1/5 | Ellipsis | https://api.imf.org/external/sdmx/2.1/data/IMF.STA,BOP,latest/all/all?startPeriod=1958&endPeriod=1958","logger":"task.stdout"}
{"timestamp":"2025-12-25T05:06:27.346248Z","level":"info","event":"2025-12-25 05:06:27 | INFO | HTTP GET (stream) | attempt=1/5 | Ellipsis | https://api.imf.org/external/sdmx/2.1/data/IMF.STA,CPI,latest/all/all?startPeriod=1968&endPeriod=1968","logger":"task.stdout"}
{"timestamp":"2025-12-25T05:06:27.383548Z","level":"info","event":"2025-12-25 05:06:27 | INFO | HTTP GET (stream) | attempt=1/5 | Ellipsis | https://api.imf.org/external/sdmx/2.1/data/IMF.STA,BOP,latest/all/all?startPeriod=1959&endPeriod=1959","logger":"task.stdout"}
{"timestamp":"2025-12-25T05:06:28.154434Z","level":"info","event":"2025-12-25 05:06:28 | INFO | HTTP GET (stream) | attempt=1/5 | Ellipsis | https://api.imf.org/external/sdmx/2.1/data/IMF.STA,IMTS,latest/all/all?startPeriod=1956&endPeriod=1956","logger":"task.stdout"}
{"timestamp":"2025-12-25T05:06:28.834050Z","level":"info","event":"2025-12-25 05:06:28 | INFO | HTTP GET (stream) | attempt=1/5 | Ellipsis | https://api.imf.org/external/sdmx/2.1/data/IMF.STA,CPI,latest/all/all?startPeriod=1969&endPeriod=1969","logger":"task.stdout"}
{"timestamp":"2025-12-25T05:06:29.058871Z","level":"info","event":"2025-12-25 05:06:29 | INFO | HTTP GET (stream) | attempt=1/5 | Ellipsis | https://api.imf.org/external/sdmx/2.1/data/IMF.STA,BOP,latest/all/all?startPeriod=1960&endPeriod=1960","logger":"task.stdout"}
{"timestamp":"2025-12-25T05:06:30.450454Z","level":"info","event":"2025-12-25 05:06:30 | INFO | HTTP GET (stream) | attempt=1/5 | Ellipsis | https://api.imf.org/external/sdmx/2.1/data/IMF.STA,CPI,latest/all/all?startPeriod=1970&endPeriod=1970","logger":"task.stdout"}
{"timestamp":"2025-12-25T05:06:30.669164Z","level":"info","event":"2025-12-25 05:06:30 | INFO | HTTP GET (stream) | attempt=1/5 | Ellipsis | https://api.imf.org/external/sdmx/2.1/data/IMF.STA,BOP,latest/all/all?startPeriod=1961&endPeriod=1961","logger":"task.stdout"}
{"timestamp":"2025-12-25T05:06:32.476084Z","level":"info","event":"2025-12-25 05:06:32 | INFO | HTTP GET (stream) | attempt=1/5 | Ellipsis | https://api.imf.org/external/sdmx/2.1/data/IMF.STA,CPI,latest/all/all?startPeriod=1971&endPeriod=1971","logger":"task.stdout"}
{"timestamp":"2025-12-25T05:06:32.505435Z","level":"info","event":"2025-12-25 05:06:32 | INFO | HTTP GET (stream) | attempt=1/5 | Ellipsis | https://api.imf.org/external/sdmx/2.1/data/IMF.STA,BOP,latest/all/all?startPeriod=1962&endPeriod=1962","logger":"task.stdout"}
{"timestamp":"2025-12-25T05:06:33.566401Z","level":"info","event":"2025-12-25 05:06:33 | INFO | HTTP GET (stream) | attempt=1/5 | Ellipsis | https://api.imf.org/external/sdmx/2.1/data/IMF.STA,IMTS,latest/all/all?startPeriod=1957&endPeriod=1957","logger":"task.stdout"}
{"timestamp":"2025-12-25T05:06:34.024070Z","level":"info","event":"2025-12-25 05:06:34 | INFO | HTTP GET (stream) | attempt=1/5 | Ellipsis | https://api.imf.org/external/sdmx/2.1/data/IMF.STA,CPI,latest/all/all?startPeriod=1972&endPeriod=1972","logger":"task.stdout"}
{"timestamp":"2025-12-25T05:06:34.237628Z","level":"info","event":"2025-12-25 05:06:34 | INFO | HTTP GET (stream) | attempt=1/5 | Ellipsis | https://api.imf.org/external/sdmx/2.1/data/IMF.STA,BOP,latest/all/all?startPeriod=1978&endPeriod=1978","logger":"task.stdout"}
{"timestamp":"2025-12-25T05:06:35.849518Z","level":"info","event":"2025-12-25 05:06:35 | INFO | HTTP GET (stream) | attempt=1/5 | Ellipsis | https://api.imf.org/external/sdmx/2.1/data/IMF.STA,IMTS,latest/all/all?startPeriod=1968&endPeriod=1968","logger":"task.stdout"}
{"timestamp":"2025-12-25T05:06:39.248422Z","level":"info","event":"2025-12-25 05:06:39 | INFO | HTTP GET (stream) | attempt=1/5 | Ellipsis | https://api.imf.org/external/sdmx/2.1/data/IMF.STA,BOP,latest/all/all?startPeriod=1994&endPeriod=1994","logger":"task.stdout"}
{"timestamp":"2025-12-25T05:06:39.270531Z","level":"info","event":"2025-12-25 05:06:39 | INFO | HTTP GET (stream) | attempt=1/5 | Ellipsis | https://api.imf.org/external/sdmx/2.1/data/IMF.STA,IMTS,latest/all/all?startPeriod=2003&endPeriod=2003","logger":"task.stdout"}
{"timestamp":"2025-12-25T05:06:42.517877Z","level":"info","event":"2025-12-25 05:06:42 | INFO | HTTP GET (stream) | attempt=1/5 | Ellipsis | https://api.imf.org/external/sdmx/2.1/data/IMF.STA,IMTS,latest/all/all?startPeriod=1960&endPeriod=1960","logger":"task.stdout"}
{"timestamp":"2025-12-25T05:06:48.752223Z","level":"info","event":"2025-12-25 05:06:48 | INFO | HTTP GET (stream) | attempt=1/5 | Ellipsis | https://api.imf.org/external/sdmx/2.1/data/IMF.STA,BOP,latest/all/all?startPeriod=1979&endPeriod=1979","logger":"task.stdout"}
{"timestamp":"2025-12-25T05:06:49.843497Z","level":"info","event":"2025-12-25 05:06:49 | INFO | HTTP GET (stream) | attempt=1/5 | Ellipsis | https://api.imf.org/external/sdmx/2.1/data/IMF.STA,BOP,latest/all/all?startPeriod=2004&endPeriod=2004","logger":"task.stdout"}
{"timestamp":"2025-12-25T05:07:02.309957Z","level":"info","event":"2025-12-25 05:07:02 | INFO | HTTP GET (stream) | attempt=1/5 | Ellipsis | https://api.imf.org/external/sdmx/2.1/data/IMF.STA,BOP,latest/all/all?startPeriod=1980&endPeriod=1980","logger":"task.stdout"}
{"timestamp":"2025-12-25T05:07:05.766537Z","level":"info","event":"2025-12-25 05:07:05 | INFO | HTTP GET (stream) | attempt=1/5 | Ellipsis | https://api.imf.org/external/sdmx/2.1/data/IMF.STA,IMTS,latest/all/all?startPeriod=1961&endPeriod=1961","logger":"task.stdout"}
{"timestamp":"2025-12-25T05:07:07.709268Z","level":"info","event":"2025-12-25 05:07:07 | INFO | HTTP GET (stream) | attempt=1/5 | Ellipsis | https://api.imf.org/external/sdmx/2.1/data/IMF.STA,IMTS,latest/all/all?startPeriod=1969&endPeriod=1969","logger":"task.stdout"}
{"timestamp":"2025-12-25T05:07:08.763311Z","level":"info","event":"2025-12-25 05:07:08 | INFO | HTTP GET (stream) | attempt=1/5 | Ellipsis | https://api.imf.org/external/sdmx/2.1/data/IMF.STA,IMTS,latest/all/all?startPeriod=1974&endPeriod=1974","logger":"task.stdout"}
{"timestamp":"2025-12-25T05:07:08.999669Z","level":"info","event":"2025-12-25 05:07:08 | INFO | HTTP GET (stream) | attempt=1/5 | Ellipsis | https://api.imf.org/external/sdmx/2.1/data/IMF.STA,BOP,latest/all/all?startPeriod=1995&endPeriod=1995","logger":"task.stdout"}
{"timestamp":"2025-12-25T05:07:20.348868Z","level":"info","event":"2025-12-25 05:07:20 | INFO | HTTP GET (stream) | attempt=1/5 | Ellipsis | https://api.imf.org/external/sdmx/2.1/data/IMF.STA,BOP,latest/all/all?startPeriod=1981&endPeriod=1981","logger":"task.stdout"}
{"timestamp":"2025-12-25T05:07:23.487149Z","level":"info","event":"2025-12-25 05:07:23 | INFO | HTTP GET (stream) | attempt=1/5 | Ellipsis | https://api.imf.org/external/sdmx/2.1/data/IMF.STA,IMTS,latest/all/all?startPeriod=1989&endPeriod=1989","logger":"task.stdout"}
{"timestamp":"2025-12-25T05:07:24.693574Z","level":"info","event":"2025-12-25 05:07:24 | INFO | HTTP GET (stream) | attempt=1/5 | Ellipsis | https://api.imf.org/external/sdmx/2.1/data/IMF.STA,IMTS,latest/all/all?startPeriod=1962&endPeriod=1962","logger":"task.stdout"}
{"timestamp":"2025-12-25T05:07:34.113355Z","level":"info","event":"2025-12-25 05:07:34 | INFO | HTTP GET (stream) | attempt=1/5 | Ellipsis | https://api.imf.org/external/sdmx/2.1/data/IMF.STA,IMTS,latest/all/all?startPeriod=1970&endPeriod=1970","logger":"task.stdout"}
{"timestamp":"2025-12-25T05:07:38.401538Z","level":"info","event":"2025-12-25 05:07:38 | INFO | HTTP GET (stream) | attempt=1/5 | Ellipsis | https://api.imf.org/external/sdmx/2.1/data/IMF.STA,IMTS,latest/all/all?startPeriod=1975&endPeriod=1975","logger":"task.stdout"}
{"timestamp":"2025-12-25T05:07:44.481584Z","level":"info","event":"2025-12-25 05:07:44 | INFO | HTTP GET (stream) | attempt=1/5 | Ellipsis | https://api.imf.org/external/sdmx/2.1/data/IMF.STA,BOP,latest/all/all?startPeriod=1996&endPeriod=1996","logger":"task.stdout"}
{"timestamp":"2025-12-25T05:07:45.475412Z","level":"info","event":"2025-12-25 05:07:45 | INFO | HTTP GET (stream) | attempt=1/5 | Ellipsis | https://api.imf.org/external/sdmx/2.1/data/IMF.STA,BOP,latest/all/all?startPeriod=2005&endPeriod=2005","logger":"task.stdout"}
{"timestamp":"2025-12-25T05:07:45.977841Z","level":"info","event":"2025-12-25 05:07:45 | INFO | HTTP GET (stream) | attempt=1/5 | Ellipsis | https://api.imf.org/external/sdmx/2.1/data/IMF.STA,BOP,latest/all/all?startPeriod=1982&endPeriod=1982","logger":"task.stdout"}
{"timestamp":"2025-12-25T05:07:54.430654Z","level":"info","event":"2025-12-25 05:07:54 | INFO | HTTP GET (stream) | attempt=1/5 | Ellipsis | https://api.imf.org/external/sdmx/2.1/data/IMF.STA,IMTS,latest/all/all?startPeriod=2024&endPeriod=2024","logger":"task.stdout"}
{"timestamp":"2025-12-25T05:08:00.258427Z","level":"info","event":"2025-12-25 05:08:00 | INFO | HTTP GET (stream) | attempt=1/5 | Ellipsis | https://api.imf.org/external/sdmx/2.1/data/IMF.STA,IMTS,latest/all/all?startPeriod=1948&endPeriod=1948","logger":"task.stdout"}
{"timestamp":"2025-12-25T05:08:00.393974Z","level":"info","event":"2025-12-25 05:08:00 | INFO | HTTP GET (stream) | attempt=1/5 | Ellipsis | https://api.imf.org/external/sdmx/2.1/data/IMF.STA,IMTS,latest/all/all?startPeriod=2014&endPeriod=2014","logger":"task.stdout"}
{"timestamp":"2025-12-25T05:08:01.706671Z","level":"info","event":"2025-12-25 05:08:01 | INFO | HTTP GET (stream) | attempt=1/5 | Ellipsis | https://api.imf.org/external/sdmx/2.1/data/IMF.STA,IMTS,latest/all/all?startPeriod=1971&endPeriod=1971","logger":"task.stdout"}
{"timestamp":"2025-12-25T05:08:06.358710Z","level":"info","event":"2025-12-25 05:08:06 | INFO | HTTP GET (stream) | attempt=1/5 | Ellipsis | https://api.imf.org/external/sdmx/2.1/data/IMF.STA,IMTS,latest/all/all?startPeriod=1949&endPeriod=1949","logger":"task.stdout"}
{"timestamp":"2025-12-25T05:08:09.261275Z","level":"info","event":"2025-12-25 05:08:09 | INFO | HTTP GET (stream) | attempt=1/5 | Ellipsis | https://api.imf.org/external/sdmx/2.1/data/IMF.STA,CPI,latest/all/all?startPeriod=1988&endPeriod=1988","logger":"task.stdout"}
{"timestamp":"2025-12-25T05:08:09.392038Z","level":"info","event":"2025-12-25 05:08:09 | INFO | HTTP GET (stream) | attempt=1/5 | Ellipsis | https://api.imf.org/external/sdmx/2.1/data/IMF.STA,IMTS,latest/all/all?startPeriod=2004&endPeriod=2004","logger":"task.stdout"}
{"timestamp":"2025-12-25T05:08:10.312424Z","level":"info","event":"2025-12-25 05:08:10 | INFO | HTTP GET (stream) | attempt=1/5 | Ellipsis | https://api.imf.org/external/sdmx/2.1/data/IMF.STA,IMTS,latest/all/all?startPeriod=1976&endPeriod=1976","logger":"task.stdout"}
{"timestamp":"2025-12-25T05:08:12.588298Z","level":"info","event":"2025-12-25 05:08:12 | INFO | HTTP GET (stream) | attempt=1/5 | Ellipsis | https://api.imf.org/external/sdmx/2.1/data/IMF.STA,IMTS,latest/all/all?startPeriod=1950&endPeriod=1950","logger":"task.stdout"}
{"timestamp":"2025-12-25T05:08:14.382732Z","level":"info","event":"2025-12-25 05:08:14 | INFO | HTTP GET (stream) | attempt=1/5 | Ellipsis | https://api.imf.org/external/sdmx/2.1/data/IMF.STA,IMTS,latest/all/all?startPeriod=1990&endPeriod=1990","logger":"task.stdout"}
{"timestamp":"2025-12-25T05:08:15.101786Z","level":"info","event":"2025-12-25 05:08:15 | INFO | HTTP GET (stream) | attempt=1/5 | Ellipsis | https://api.imf.org/external/sdmx/2.1/data/IMF.STA,BOP,latest/all/all?startPeriod=1997&endPeriod=1997","logger":"task.stdout"}
{"timestamp":"2025-12-25T05:08:15.353989Z","level":"info","event":"2025-12-25 05:08:15 | INFO | HTTP GET (stream) | attempt=1/5 | Ellipsis | https://api.imf.org/external/sdmx/2.1/data/IMF.STA,CPI,latest/all/all?startPeriod=1989&endPeriod=1989","logger":"task.stdout"}
{"timestamp":"2025-12-25T05:08:17.166258Z","level":"info","event":"2025-12-25 05:08:17 | INFO | HTTP GET (stream) | attempt=1/5 | Ellipsis | https://api.imf.org/external/sdmx/2.1/data/IMF.STA,CPI,latest/all/all?startPeriod=1990&endPeriod=1990","logger":"task.stdout"}
{"timestamp":"2025-12-25T05:08:17.866897Z","level":"info","event":"2025-12-25 05:08:17 | INFO | HTTP GET (stream) | attempt=1/5 | Ellipsis | https://api.imf.org/external/sdmx/2.1/data/IMF.STA,IMTS,latest/all/all?startPeriod=1951&endPeriod=1951","logger":"task.stdout"}
{"timestamp":"2025-12-25T05:08:19.783059Z","level":"info","event":"2025-12-25 05:08:19 | INFO | HTTP GET (stream) | attempt=1/5 | Ellipsis | https://api.imf.org/external/sdmx/2.1/data/IMF.STA,CPI,latest/all/all?startPeriod=1991&endPeriod=1991","logger":"task.stdout"}
{"timestamp":"2025-12-25T05:08:21.896508Z","level":"info","event":"2025-12-25 05:08:21 | INFO | HTTP GET (stream) | attempt=1/5 | Ellipsis | https://api.imf.org/external/sdmx/2.1/data/IMF.STA,CPI,latest/all/all?startPeriod=1992&endPeriod=1992","logger":"task.stdout"}
{"timestamp":"2025-12-25T05:08:22.624959Z","level":"info","event":"2025-12-25 05:08:22 | INFO | HTTP GET (stream) | attempt=1/5 | Ellipsis | https://api.imf.org/external/sdmx/2.1/data/IMF.STA,IMTS,latest/all/all?startPeriod=1952&endPeriod=1952","logger":"task.stdout"}
{"timestamp":"2025-12-25T05:08:23.809586Z","level":"info","event":"2025-12-25 05:08:23 | INFO | HTTP GET (stream) | attempt=1/5 | Ellipsis | https://api.imf.org/external/sdmx/2.1/data/IMF.STA,BOP,latest/all/all?startPeriod=2008&endPeriod=2008","logger":"task.stdout"}
{"timestamp":"2025-12-25T05:08:28.400886Z","level":"info","event":"2025-12-25 05:08:28 | INFO | HTTP GET (stream) | attempt=1/5 | Ellipsis | https://api.imf.org/external/sdmx/2.1/data/IMF.STA,IMTS,latest/all/all?startPeriod=1963&endPeriod=1963","logger":"task.stdout"}
{"timestamp":"2025-12-25T05:08:29.101974Z","level":"info","event":"2025-12-25 05:08:29 | INFO | HTTP GET (stream) | attempt=1/5 | Ellipsis | https://api.imf.org/external/sdmx/2.1/data/IMF.STA,IMTS,latest/all/all?startPeriod=1972&endPeriod=1972","logger":"task.stdout"}
{"timestamp":"2025-12-25T05:08:37.790698Z","level":"info","event":"2025-12-25 05:08:37 | INFO | HTTP GET (stream) | attempt=1/5 | Ellipsis | https://api.imf.org/external/sdmx/2.1/data/IMF.STA,BOP,latest/all/all?startPeriod=2006&endPeriod=2006","logger":"task.stdout"}
{"timestamp":"2025-12-25T05:08:39.695437Z","level":"info","event":"2025-12-25 05:08:39 | INFO | HTTP GET (stream) | attempt=1/5 | Ellipsis | https://api.imf.org/external/sdmx/2.1/data/IMF.STA,IMTS,latest/all/all?startPeriod=1977&endPeriod=1977","logger":"task.stdout"}
{"timestamp":"2025-12-25T05:08:48.696930Z","level":"info","event":"2025-12-25 05:08:48 | INFO | HTTP GET (stream) | attempt=1/5 | Ellipsis | https://api.imf.org/external/sdmx/2.1/data/IMF.STA,IMTS,latest/all/all?startPeriod=1964&endPeriod=1964","logger":"task.stdout"}
{"timestamp":"2025-12-25T05:08:49.369413Z","level":"info","event":"2025-12-25 05:08:49 | INFO | HTTP GET (stream) | attempt=1/5 | Ellipsis | https://api.imf.org/external/sdmx/2.1/data/IMF.STA,IMTS,latest/all/all?startPeriod=2008&endPeriod=2008","logger":"task.stdout"}
{"timestamp":"2025-12-25T05:08:55.204923Z","level":"info","event":"2025-12-25 05:08:55 | INFO | HTTP GET (stream) | attempt=1/5 | Ellipsis | https://api.imf.org/external/sdmx/2.1/data/IMF.STA,CPI,latest/all/all?startPeriod=1953&endPeriod=1953","logger":"task.stdout"}
{"timestamp":"2025-12-25T05:08:57.124643Z","level":"info","event":"2025-12-25 05:08:57 | INFO | HTTP GET (stream) | attempt=1/5 | Ellipsis | https://api.imf.org/external/sdmx/2.1/data/IMF.STA,CPI,latest/all/all?startPeriod=1954&endPeriod=1954","logger":"task.stdout"}
{"timestamp":"2025-12-25T05:09:02.497714Z","level":"info","event":"2025-12-25 05:09:02 | INFO | HTTP GET (stream) | attempt=1/5 | Ellipsis | https://api.imf.org/external/sdmx/2.1/data/IMF.STA,CPI,latest/all/all?startPeriod=1955&endPeriod=1955","logger":"task.stdout"}
{"timestamp":"2025-12-25T05:09:02.788590Z","level":"info","event":"2025-12-25 05:09:02 | INFO | HTTP GET (stream) | attempt=1/5 | Ellipsis | https://api.imf.org/external/sdmx/2.1/data/IMF.STA,IMTS,latest/all/all?startPeriod=1991&endPeriod=1991","logger":"task.stdout"}
{"timestamp":"2025-12-25T05:09:04.274265Z","level":"info","event":"2025-12-25 05:09:04 | INFO | HTTP GET (stream) | attempt=1/5 | Ellipsis | https://api.imf.org/external/sdmx/2.1/data/IMF.STA,CPI,latest/all/all?startPeriod=1956&endPeriod=1956","logger":"task.stdout"}
{"timestamp":"2025-12-25T05:09:05.911962Z","level":"info","event":"2025-12-25 05:09:05 | INFO | HTTP GET (stream) | attempt=1/5 | Ellipsis | https://api.imf.org/external/sdmx/2.1/data/IMF.STA,CPI,latest/all/all?startPeriod=1957&endPeriod=1957","logger":"task.stdout"}
{"timestamp":"2025-12-25T05:09:07.811024Z","level":"info","event":"2025-12-25 05:09:07 | INFO | HTTP GET (stream) | attempt=1/5 | Ellipsis | https://api.imf.org/external/sdmx/2.1/data/IMF.STA,BOP,latest/all/all?startPeriod=1988&endPeriod=1988","logger":"task.stdout"}
{"timestamp":"2025-12-25T05:09:11.279933Z","level":"info","event":"2025-12-25 05:09:11 | INFO | HTTP GET (stream) | attempt=1/5 | Ellipsis | https://api.imf.org/external/sdmx/2.1/data/IMF.STA,CPI,latest/all/all?startPeriod=1963&endPeriod=1963","logger":"task.stdout"}
{"timestamp":"2025-12-25T05:09:12.040395Z","level":"info","event":"2025-12-25 05:09:12 | INFO | HTTP GET (stream) | attempt=1/5 | Ellipsis | https://api.imf.org/external/sdmx/2.1/data/IMF.STA,IMTS,latest/all/all?startPeriod=1965&endPeriod=1965","logger":"task.stdout"}
{"timestamp":"2025-12-25T05:09:14.644434Z","level":"info","event":"2025-12-25 05:09:14 | INFO | HTTP GET (stream) | attempt=1/5 | Ellipsis | https://api.imf.org/external/sdmx/2.1/data/IMF.STA,CPI,latest/all/all?startPeriod=1964&endPeriod=1964","logger":"task.stdout"}
{"timestamp":"2025-12-25T05:09:15.672357Z","level":"info","event":"2025-12-25 05:09:15 | INFO | HTTP GET (stream) | attempt=1/5 | Ellipsis | https://api.imf.org/external/sdmx/2.1/data/IMF.STA,IMTS,latest/all/all?startPeriod=2025&endPeriod=2025","logger":"task.stdout"}
{"timestamp":"2025-12-25T05:09:28.644741Z","level":"info","event":"2025-12-25 05:09:28 | INFO | HTTP GET (stream) | attempt=1/5 | Ellipsis | https://api.imf.org/external/sdmx/2.1/data/IMF.STA,CPI,latest/all/all?startPeriod=1965&endPeriod=1965","logger":"task.stdout"}
{"timestamp":"2025-12-25T05:09:30.972166Z","level":"info","event":"2025-12-25 05:09:30 | INFO | HTTP GET (stream) | attempt=1/5 | Ellipsis | https://api.imf.org/external/sdmx/2.1/data/IMF.STA,IMTS,latest/all/all?startPeriod=2015&endPeriod=2015","logger":"task.stdout"}
{"timestamp":"2025-12-25T05:09:33.077313Z","level":"info","event":"2025-12-25 05:09:33 | INFO | HTTP GET (stream) | attempt=1/5 | Ellipsis | https://api.imf.org/external/sdmx/2.1/data/IMF.STA,IMTS,latest/all/all?startPeriod=2005&endPeriod=2005","logger":"task.stdout"}
{"timestamp":"2025-12-25T05:09:33.104511Z","level":"info","event":"2025-12-25 05:09:33 | INFO | HTTP GET (stream) | attempt=1/5 | Ellipsis | https://api.imf.org/external/sdmx/2.1/data/IMF.STA,CPI,latest/all/all?startPeriod=1966&endPeriod=1966","logger":"task.stdout"}
{"timestamp":"2025-12-25T05:09:34.821066Z","level":"info","event":"2025-12-25 05:09:34 | INFO | HTTP GET (stream) | attempt=1/5 | Ellipsis | https://api.imf.org/external/sdmx/2.1/data/IMF.STA,BOP,latest/all/all?startPeriod=1989&endPeriod=1989","logger":"task.stdout"}
{"timestamp":"2025-12-25T05:09:35.089646Z","level":"info","event":"2025-12-25 05:09:35 | INFO | HTTP GET (stream) | attempt=1/5 | Ellipsis | https://api.imf.org/external/sdmx/2.1/data/IMF.STA,CPI,latest/all/all?startPeriod=1967&endPeriod=1967","logger":"task.stdout"}
{"timestamp":"2025-12-25T05:09:37.088045Z","level":"info","event":"2025-12-25 05:09:37 | INFO | HTTP GET (stream) | attempt=1/5 | Ellipsis | https://api.imf.org/external/sdmx/2.1/data/IMF.STA,BOP,latest/all/all?startPeriod=2009&endPeriod=2009","logger":"task.stdout"}
{"timestamp":"2025-12-25T05:09:37.119456Z","level":"info","event":"2025-12-25 05:09:37 | INFO | HTTP GET (stream) | attempt=1/5 | Ellipsis | https://api.imf.org/external/sdmx/2.1/data/IMF.STA,CPI,latest/all/all?startPeriod=2008&endPeriod=2008","logger":"task.stdout"}
{"timestamp":"2025-12-25T05:09:37.754991Z","level":"info","event":"2025-12-25 05:09:37 | INFO | HTTP GET (stream) | attempt=1/5 | Ellipsis | https://api.imf.org/external/sdmx/2.1/data/IMF.STA,IMTS,latest/all/all?startPeriod=1966&endPeriod=1966","logger":"task.stdout"}
{"timestamp":"2025-12-25T05:09:38.465364Z","level":"info","event":"2025-12-25 05:09:38 | INFO | HTTP GET (stream) | attempt=1/5 | Ellipsis | https://api.imf.org/external/sdmx/2.1/data/IMF.STA,BOP,latest/all/all?startPeriod=2007&endPeriod=2007","logger":"task.stdout"}
{"timestamp":"2025-12-25T05:09:45.392001Z","level":"info","event":"2025-12-25 05:09:45 | INFO | HTTP GET (stream) | attempt=1/5 | Ellipsis | https://api.imf.org/external/sdmx/2.1/data/IMF.STA,CPI,latest/all/all?startPeriod=2009&endPeriod=2009","logger":"task.stdout"}
{"timestamp":"2025-12-25T05:09:48.199011Z","level":"info","event":"2025-12-25 05:09:48 | INFO | HTTP GET (stream) | attempt=1/5 | Ellipsis | https://api.imf.org/external/sdmx/2.1/data/IMF.STA,IMTS,latest/all/all?startPeriod=1992&endPeriod=1992","logger":"task.stdout"}
{"timestamp":"2025-12-25T05:09:50.680823Z","level":"info","event":"2025-12-25 05:09:50 | INFO | HTTP GET (stream) | attempt=1/5 | Ellipsis | https://api.imf.org/external/sdmx/2.1/data/IMF.STA,CPI,latest/all/all?startPeriod=2010&endPeriod=2010","logger":"task.stdout"}
{"timestamp":"2025-12-25T05:09:57.305425Z","level":"info","event":"2025-12-25 05:09:57 | INFO | HTTP GET (stream) | attempt=1/5 | Ellipsis | https://api.imf.org/external/sdmx/2.1/data/IMF.STA,BOP,latest/all/all?startPeriod=1990&endPeriod=1990","logger":"task.stdout"}
{"timestamp":"2025-12-25T05:09:57.946879Z","level":"info","event":"2025-12-25 05:09:57 | INFO | HTTP GET (stream) | attempt=1/5 | Ellipsis | https://api.imf.org/external/sdmx/2.1/data/IMF.STA,CPI,latest/all/all?startPeriod=1958&endPeriod=1958","logger":"task.stdout"}
{"timestamp":"2025-12-25T05:09:58.485578Z","level":"info","event":"2025-12-25 05:09:58 | INFO | HTTP GET (stream) | attempt=1/5 | Ellipsis | https://api.imf.org/external/sdmx/2.1/data/IMF.STA,CPI,latest/all/all?startPeriod=2011&endPeriod=2011","logger":"task.stdout"}
{"timestamp":"2025-12-25T05:09:59.748209Z","level":"info","event":"2025-12-25 05:09:59 | INFO | HTTP GET (stream) | attempt=1/5 | Ellipsis | https://api.imf.org/external/sdmx/2.1/data/IMF.STA,CPI,latest/all/all?startPeriod=1959&endPeriod=1959","logger":"task.stdout"}
{"timestamp":"2025-12-25T05:10:03.117147Z","level":"info","event":"2025-12-25 05:10:03 | INFO | HTTP GET (stream) | attempt=1/5 | Ellipsis | https://api.imf.org/external/sdmx/2.1/data/IMF.STA,IMTS,latest/all/all?startPeriod=1967&endPeriod=1967","logger":"task.stdout"}
{"timestamp":"2025-12-25T05:10:03.186915Z","level":"info","event":"2025-12-25 05:10:03 | INFO | HTTP GET (stream) | attempt=1/5 | Ellipsis | https://api.imf.org/external/sdmx/2.1/data/IMF.STA,CPI,latest/all/all?startPeriod=1960&endPeriod=1960","logger":"task.stdout"}
{"timestamp":"2025-12-25T05:10:04.826769Z","level":"info","event":"2025-12-25 05:10:04 | INFO | HTTP GET (stream) | attempt=1/5 | Ellipsis | https://api.imf.org/external/sdmx/2.1/data/IMF.STA,CPI,latest/all/all?startPeriod=1961&endPeriod=1961","logger":"task.stdout"}
{"timestamp":"2025-12-25T05:10:05.977697Z","level":"info","event":"2025-12-25 05:10:05 | INFO | HTTP GET (stream) | attempt=1/5 | Ellipsis | https://api.imf.org/external/sdmx/2.1/data/IMF.STA,CPI,latest/all/all?startPeriod=2012&endPeriod=2012","logger":"task.stdout"}
{"timestamp":"2025-12-25T05:10:06.824372Z","level":"info","event":"2025-12-25 05:10:06 | INFO | HTTP GET (stream) | attempt=1/5 | Ellipsis | https://api.imf.org/external/sdmx/2.1/data/IMF.STA,CPI,latest/all/all?startPeriod=1962&endPeriod=1962","logger":"task.stdout"}
{"timestamp":"2025-12-25T05:10:08.914507Z","level":"info","event":"2025-12-25 05:10:08 | INFO | HTTP GET (stream) | attempt=1/5 | Ellipsis | https://api.imf.org/external/sdmx/2.1/data/IMF.STA,BOP,latest/all/all?startPeriod=1998&endPeriod=1998","logger":"task.stdout"}
{"timestamp":"2025-12-25T05:10:12.810964Z","level":"info","event":"2025-12-25 05:10:12 | INFO | HTTP GET (stream) | attempt=1/5 | Ellipsis | https://api.imf.org/external/sdmx/2.1/data/IMF.STA,IMTS,latest/all/all?startPeriod=2009&endPeriod=2009","logger":"task.stdout"}
{"timestamp":"2025-12-25T05:10:13.530642Z","level":"info","event":"2025-12-25 05:10:13 | INFO | HTTP GET (stream) | attempt=1/5 | Ellipsis | https://api.imf.org/external/sdmx/2.1/data/IMF.STA,CPI,latest/all/all?startPeriod=1998&endPeriod=1998","logger":"task.stdout"}
{"timestamp":"2025-12-25T05:10:17.262240Z","level":"info","event":"2025-12-25 05:10:17 | INFO | HTTP GET (stream) | attempt=1/5 | Ellipsis | https://api.imf.org/external/sdmx/2.1/data/IMF.STA,CPI,latest/all/all?startPeriod=1999&endPeriod=1999","logger":"task.stdout"}
{"timestamp":"2025-12-25T05:10:18.994479Z","level":"info","event":"2025-12-25 05:10:18 | INFO | HTTP GET (stream) | attempt=1/5 | Ellipsis | https://api.imf.org/external/sdmx/2.1/data/IMF.STA,BOP,latest/all/all?startPeriod=1991&endPeriod=1991","logger":"task.stdout"}
{"timestamp":"2025-12-25T05:10:20.630305Z","level":"info","event":"2025-12-25 05:10:20 | INFO | HTTP GET (stream) | attempt=1/5 | Ellipsis | https://api.imf.org/external/sdmx/2.1/data/IMF.STA,CPI,latest/all/all?startPeriod=2000&endPeriod=2000","logger":"task.stdout"}
{"timestamp":"2025-12-25T05:10:24.736678Z","level":"info","event":"2025-12-25 05:10:24 | INFO | HTTP GET (stream) | attempt=1/5 | Ellipsis | https://api.imf.org/external/sdmx/2.1/data/IMF.STA,CPI,latest/all/all?startPeriod=2001&endPeriod=2001","logger":"task.stdout"}
{"timestamp":"2025-12-25T05:10:26.448128Z","level":"info","event":"2025-12-25 05:10:26 | INFO | HTTP GET (stream) | attempt=1/5 | Ellipsis | https://api.imf.org/external/sdmx/2.1/data/IMF.STA,CPI,latest/all/all?startPeriod=1978&endPeriod=1978","logger":"task.stdout"}
{"timestamp":"2025-12-25T05:10:28.716634Z","level":"info","event":"2025-12-25 05:10:28 | INFO | HTTP GET (stream) | attempt=1/5 | Ellipsis | https://api.imf.org/external/sdmx/2.1/data/IMF.STA,CPI,latest/all/all?startPeriod=1979&endPeriod=1979","logger":"task.stdout"}
{"timestamp":"2025-12-25T05:10:29.040684Z","level":"info","event":"2025-12-25 05:10:29 | INFO | HTTP GET (stream) | attempt=1/5 | Ellipsis | https://api.imf.org/external/sdmx/2.1/data/IMF.STA,CPI,latest/all/all?startPeriod=2002&endPeriod=2002","logger":"task.stdout"}
{"timestamp":"2025-12-25T05:10:30.748364Z","level":"info","event":"2025-12-25 05:10:30 | INFO | HTTP GET (stream) | attempt=1/5 | Ellipsis | https://api.imf.org/external/sdmx/2.1/data/IMF.STA,CPI,latest/all/all?startPeriod=1980&endPeriod=1980","logger":"task.stdout"}
{"timestamp":"2025-12-25T05:10:32.553638Z","level":"info","event":"2025-12-25 05:10:32 | INFO | HTTP GET (stream) | attempt=1/5 | Ellipsis | https://api.imf.org/external/sdmx/2.1/data/IMF.STA,CPI,latest/all/all?startPeriod=1981&endPeriod=1981","logger":"task.stdout"}
{"timestamp":"2025-12-25T05:10:33.248125Z","level":"info","event":"2025-12-25 05:10:33 | INFO | HTTP GET (stream) | attempt=1/5 | Ellipsis | https://api.imf.org/external/sdmx/2.1/data/IMF.STA,IMTS,latest/all/all?startPeriod=1993&endPeriod=1993","logger":"task.stdout"}
{"timestamp":"2025-12-25T05:10:35.212839Z","level":"info","event":"2025-12-25 05:10:35 | INFO | HTTP GET (stream) | attempt=1/5 | Ellipsis | https://api.imf.org/external/sdmx/2.1/data/IMF.STA,CPI,latest/all/all?startPeriod=1982&endPeriod=1982","logger":"task.stdout"}
{"timestamp":"2025-12-25T05:10:35.313020Z","level":"info","event":"2025-12-25 05:10:35 | INFO | HTTP GET (stream) | attempt=1/5 | Ellipsis | https://api.imf.org/external/sdmx/2.1/data/IMF.STA,BOP,latest/all/all?startPeriod=2010&endPeriod=2010","logger":"task.stdout"}
{"timestamp":"2025-12-25T05:10:36.617845Z","level":"info","event":"2025-12-25 05:10:36 | INFO | HTTP GET (stream) | attempt=1/5 | Ellipsis | https://api.imf.org/external/sdmx/2.1/data/IMF.STA,IMTS,latest/all/all?startPeriod=1998&endPeriod=1998","logger":"task.stdout"}
{"timestamp":"2025-12-25T05:10:37.317432Z","level":"info","event":"2025-12-25 05:10:37 | INFO | HTTP GET (stream) | attempt=1/5 | Ellipsis | https://api.imf.org/external/sdmx/2.1/data/IMF.STA,BOP,latest/all/all?startPeriod=1983&endPeriod=1983","logger":"task.stdout"}
{"timestamp":"2025-12-25T05:10:40.618497Z","level":"info","event":"2025-12-25 05:10:40 | INFO | HTTP GET (stream) | attempt=1/5 | Ellipsis | https://api.imf.org/external/sdmx/2.1/data/IMF.STA,BOP,latest/all/all?startPeriod=1953&endPeriod=1953","logger":"task.stdout"}
{"timestamp":"2025-12-25T05:10:42.223295Z","level":"info","event":"2025-12-25 05:10:42 | INFO | HTTP GET (stream) | attempt=1/5 | Ellipsis | https://api.imf.org/external/sdmx/2.1/data/IMF.STA,BOP,latest/all/all?startPeriod=1954&endPeriod=1954","logger":"task.stdout"}
{"timestamp":"2025-12-25T05:10:42.327016Z","level":"info","event":"2025-12-25 05:10:42 | INFO | HTTP GET (stream) | attempt=1/5 | Ellipsis | https://api.imf.org/external/sdmx/2.1/data/IMF.STA,BOP,latest/all/all?startPeriod=1992&endPeriod=1992","logger":"task.stdout"}
{"timestamp":"2025-12-25T05:10:47.767617Z","level":"info","event":"2025-12-25 05:10:47 | INFO | HTTP GET (stream) | attempt=1/5 | Ellipsis | https://api.imf.org/external/sdmx/2.1/data/IMF.STA,IMTS,latest/all/all?startPeriod=2006&endPeriod=2006","logger":"task.stdout"}
{"timestamp":"2025-12-25T05:10:49.123471Z","level":"info","event":"2025-12-25 05:10:49 | INFO | HTTP GET (stream) | attempt=1/5 | Ellipsis | https://api.imf.org/external/sdmx/2.1/data/IMF.STA,BOP,latest/all/all?startPeriod=1999&endPeriod=1999","logger":"task.stdout"}
{"timestamp":"2025-12-25T05:10:50.711019Z","level":"info","event":"2025-12-25 05:10:50 | INFO | HTTP GET (stream) | attempt=1/5 | Ellipsis | https://api.imf.org/external/sdmx/2.1/data/IMF.STA,BOP,latest/all/all?startPeriod=1955&endPeriod=1955","logger":"task.stdout"}
{"timestamp":"2025-12-25T05:10:52.258336Z","level":"info","event":"2025-12-25 05:10:52 | INFO | HTTP GET (stream) | attempt=1/5 | Ellipsis | https://api.imf.org/external/sdmx/2.1/data/IMF.STA,BOP,latest/all/all?startPeriod=1956&endPeriod=1956","logger":"task.stdout"}
{"timestamp":"2025-12-25T05:10:52.732303Z","level":"info","event":"2025-12-25 05:10:52 | INFO | HTTP GET (stream) | attempt=1/5 | Ellipsis | https://api.imf.org/external/sdmx/2.1/data/IMF.STA,IMTS,latest/all/all?startPeriod=2016&endPeriod=2016","logger":"task.stdout"}
{"timestamp":"2025-12-25T05:10:53.871313Z","level":"info","event":"2025-12-25 05:10:53 | INFO | HTTP GET (stream) | attempt=1/5 | Ellipsis | https://api.imf.org/external/sdmx/2.1/data/IMF.STA,BOP,latest/all/all?startPeriod=1957&endPeriod=1957","logger":"task.stdout"}
{"timestamp":"2025-12-25T05:10:55.096121Z","level":"info","event":"2025-12-25 05:10:55 | INFO | HTTP GET (stream) | attempt=1/5 | Ellipsis | https://api.imf.org/external/sdmx/2.1/data/IMF.STA,BOP,latest/all/all?startPeriod=2018&endPeriod=2018","logger":"task.stdout"}
{"timestamp":"2025-12-25T05:10:56.604980Z","level":"info","event":"2025-12-25 05:10:56 | INFO | HTTP GET (stream) | attempt=1/5 | Ellipsis | https://api.imf.org/external/sdmx/2.1/data/IMF.STA,BOP,latest/all/all?startPeriod=1984&endPeriod=1984","logger":"task.stdout"}
{"timestamp":"2025-12-25T05:11:07.026249Z","level":"info","event":"2025-12-25 05:11:07 | INFO | HTTP GET (stream) | attempt=1/5 | Ellipsis | https://api.imf.org/external/sdmx/2.1/data/IMF.STA,IMTS,latest/all/all?startPeriod=1978&endPeriod=1978","logger":"task.stdout"}
{"timestamp":"2025-12-25T05:11:16.906288Z","level":"info","event":"2025-12-25 05:11:16 | INFO | HTTP GET (stream) | attempt=1/5 | Ellipsis | https://api.imf.org/external/sdmx/2.1/data/IMF.STA,BOP,latest/all/all?startPeriod=1985&endPeriod=1985","logger":"task.stdout"}
{"timestamp":"2025-12-25T05:11:33.261214Z","level":"info","event":"2025-12-25 05:11:33 | INFO | HTTP GET (stream) | attempt=1/5 | Ellipsis | https://api.imf.org/external/sdmx/2.1/data/IMF.STA,IMTS,latest/all/all?startPeriod=2010&endPeriod=2010","logger":"task.stdout"}
{"timestamp":"2025-12-25T05:11:38.576052Z","level":"info","event":"2025-12-25 05:11:38 | INFO | HTTP GET (stream) | attempt=1/5 | Ellipsis | https://api.imf.org/external/sdmx/2.1/data/IMF.STA,BOP,latest/all/all?startPeriod=1986&endPeriod=1986","logger":"task.stdout"}
{"timestamp":"2025-12-25T05:11:39.934167Z","level":"info","event":"2025-12-25 05:11:39 | INFO | HTTP GET (stream) | attempt=1/5 | Ellipsis | https://api.imf.org/external/sdmx/2.1/data/IMF.STA,IMTS,latest/all/all?startPeriod=1994&endPeriod=1994","logger":"task.stdout"}
{"timestamp":"2025-12-25T05:11:40.747386Z","level":"info","event":"2025-12-25 05:11:40 | INFO | HTTP GET (stream) | attempt=1/5 | Ellipsis | https://api.imf.org/external/sdmx/2.1/data/IMF.STA,BOP,latest/all/all?startPeriod=2000&endPeriod=2000","logger":"task.stdout"}
{"timestamp":"2025-12-25T05:11:47.072397Z","level":"info","event":"2025-12-25 05:11:47 | INFO | HTTP GET (stream) | attempt=1/5 | Ellipsis | https://api.imf.org/external/sdmx/2.1/data/IMF.STA,IMTS,latest/all/all?startPeriod=1979&endPeriod=1979","logger":"task.stdout"}
{"timestamp":"2025-12-25T05:11:49.088762Z","level":"info","event":"2025-12-25 05:11:49 | INFO | HTTP GET (stream) | attempt=1/5 | Ellipsis | https://api.imf.org/external/sdmx/2.1/data/IMF.STA,BOP,latest/all/all?startPeriod=2011&endPeriod=2011","logger":"task.stdout"}
{"timestamp":"2025-12-25T05:11:51.315831Z","level":"info","event":"2025-12-25 05:11:51 | INFO | HTTP GET (stream) | attempt=1/5 | Ellipsis | https://api.imf.org/external/sdmx/2.1/data/IMF.STA,IMTS,latest/all/all?startPeriod=1999&endPeriod=1999","logger":"task.stdout"}
{"timestamp":"2025-12-25T05:12:03.161169Z","level":"info","event":"2025-12-25 05:12:03 | INFO | HTTP GET (stream) | attempt=1/5 | Ellipsis | https://api.imf.org/external/sdmx/2.1/data/IMF.STA,IMTS,latest/all/all?startPeriod=2007&endPeriod=2007","logger":"task.stdout"}
{"timestamp":"2025-12-25T05:12:03.575349Z","level":"info","event":"2025-12-25 05:12:03 | INFO | HTTP GET (stream) | attempt=1/5 | Ellipsis | https://api.imf.org/external/sdmx/2.1/data/IMF.STA,BOP,latest/all/all?startPeriod=1987&endPeriod=1987","logger":"task.stdout"}
{"timestamp":"2025-12-25T05:12:10.786036Z","level":"info","event":"2025-12-25 05:12:10 | INFO | HTTP GET (stream) | attempt=1/5 | Ellipsis | https://api.imf.org/external/sdmx/2.1/data/IMF.STA,IMTS,latest/all/all?startPeriod=2017&endPeriod=2017","logger":"task.stdout"}
{"timestamp":"2025-12-25T05:12:17.927257Z","level":"info","event":"2025-12-25 05:12:17 | INFO | HTTP GET (stream) | attempt=1/5 | Ellipsis | https://api.imf.org/external/sdmx/2.1/data/IMF.STA,BOP,latest/all/all?startPeriod=2019&endPeriod=2019","logger":"task.stdout"}
{"timestamp":"2025-12-25T05:12:19.260287Z","level":"info","event":"2025-12-25 05:12:19 | INFO | HTTP GET (stream) | attempt=1/5 | Ellipsis | https://api.imf.org/external/sdmx/2.1/data/IMF.STA,IMTS,latest/all/all?startPeriod=1980&endPeriod=1980","logger":"task.stdout"}
{"timestamp":"2025-12-25T05:12:24.318864Z","level":"info","event":"2025-12-25 05:12:24 | INFO | HTTP GET (stream) | attempt=1/5 | Ellipsis | https://api.imf.org/external/sdmx/2.1/data/IMF.STA,IMTS,latest/all/all?startPeriod=1983&endPeriod=1983","logger":"task.stdout"}
{"timestamp":"2025-12-25T05:12:26.375105Z","level":"info","event":"2025-12-25 05:12:26 | INFO | HTTP GET (stream) | attempt=1/5 | Ellipsis | https://api.imf.org/external/sdmx/2.1/data/IMF.STA,BOP,latest/all/all?startPeriod=2001&endPeriod=2001","logger":"task.stdout"}
{"timestamp":"2025-12-25T05:12:33.615100Z","level":"info","event":"2025-12-25 05:12:33 | INFO | HTTP GET (stream) | attempt=1/5 | Ellipsis | https://api.imf.org/external/sdmx/2.1/data/IMF.STA,IMTS,latest/all/all?startPeriod=1995&endPeriod=1995","logger":"task.stdout"}
{"timestamp":"2025-12-25T05:12:53.366637Z","level":"info","event":"2025-12-25 05:12:53 | INFO | HTTP GET (stream) | attempt=1/5 | Ellipsis | https://api.imf.org/external/sdmx/2.1/data/IMF.STA,IMTS,latest/all/all?startPeriod=2011&endPeriod=2011","logger":"task.stdout"}
{"timestamp":"2025-12-25T05:12:56.851812Z","level":"info","event":"2025-12-25 05:12:56 | INFO | HTTP GET (stream) | attempt=1/5 | Ellipsis | https://api.imf.org/external/sdmx/2.1/data/IMF.STA,BOP,latest/all/all?startPeriod=2012&endPeriod=2012","logger":"task.stdout"}
{"timestamp":"2025-12-25T05:12:59.627374Z","level":"info","event":"2025-12-25 05:12:59 | INFO | HTTP GET (stream) | attempt=1/5 | Ellipsis | https://api.imf.org/external/sdmx/2.1/data/IMF.STA,IMTS,latest/all/all?startPeriod=1981&endPeriod=1981","logger":"task.stdout"}
{"timestamp":"2025-12-25T05:13:01.619077Z","level":"info","event":"2025-12-25 05:13:01 | INFO | HTTP GET (stream) | attempt=1/5 | Ellipsis | https://api.imf.org/external/sdmx/2.1/data/IMF.STA,IMTS,latest/all/all?startPeriod=2000&endPeriod=2000","logger":"task.stdout"}
{"timestamp":"2025-12-25T05:13:04.015223Z","level":"info","event":"2025-12-25 05:13:04 | INFO | HTTP GET (stream) | attempt=1/5 | Ellipsis | https://api.imf.org/external/sdmx/2.1/data/IMF.STA,IMTS,latest/all/all?startPeriod=1984&endPeriod=1984","logger":"task.stdout"}
{"timestamp":"2025-12-25T05:13:14.090446Z","level":"info","event":"2025-12-25 05:13:14 | INFO | HTTP GET (stream) | attempt=1/5 | Ellipsis | https://api.imf.org/external/sdmx/2.1/data/IMF.STA,BOP,latest/all/all?startPeriod=2002&endPeriod=2002","logger":"task.stdout"}
{"timestamp":"2025-12-25T05:13:17.755615Z","level":"info","event":"2025-12-25 05:13:17 | INFO | HTTP GET (stream) | attempt=1/5 | Ellipsis | https://api.imf.org/external/sdmx/2.1/data/IMF.STA,CPI,latest/all/all?startPeriod=2013&endPeriod=2013","logger":"task.stdout"}
{"timestamp":"2025-12-25T05:13:24.799008Z","level":"info","event":"2025-12-25 05:13:24 | INFO | HTTP GET (stream) | attempt=1/5 | Ellipsis | https://api.imf.org/external/sdmx/2.1/data/IMF.STA,BOP,latest/all/all?startPeriod=2023&endPeriod=2023","logger":"task.stdout"}
{"timestamp":"2025-12-25T05:13:30.403981Z","level":"info","event":"2025-12-25 05:13:30 | INFO | HTTP GET (stream) | attempt=1/5 | Ellipsis | https://api.imf.org/external/sdmx/2.1/data/IMF.STA,IMTS,latest/all/all?startPeriod=1996&endPeriod=1996","logger":"task.stdout"}
{"timestamp":"2025-12-25T05:13:30.685920Z","level":"info","event":"2025-12-25 05:13:30 | INFO | HTTP GET (stream) | attempt=1/5 | Ellipsis | https://api.imf.org/external/sdmx/2.1/data/IMF.STA,CPI,latest/all/all?startPeriod=2014&endPeriod=2014","logger":"task.stdout"}
{"timestamp":"2025-12-25T05:13:38.464421Z","level":"info","event":"2025-12-25 05:13:38 | INFO | HTTP GET (stream) | attempt=1/5 | Ellipsis | https://api.imf.org/external/sdmx/2.1/data/IMF.STA,CPI,latest/all/all?startPeriod=2015&endPeriod=2015","logger":"task.stdout"}
{"timestamp":"2025-12-25T05:13:41.485323Z","level":"info","event":"2025-12-25 05:13:41 | INFO | HTTP GET (stream) | attempt=1/5 | Ellipsis | https://api.imf.org/external/sdmx/2.1/data/IMF.STA,IMTS,latest/all/all?startPeriod=1982&endPeriod=1982","logger":"task.stdout"}
{"timestamp":"2025-12-25T05:13:43.056387Z","level":"info","event":"2025-12-25 05:13:43 | INFO | HTTP GET (stream) | attempt=1/5 | Ellipsis | https://api.imf.org/external/sdmx/2.1/data/IMF.STA,BOP,latest/all/all?startPeriod=2020&endPeriod=2020","logger":"task.stdout"}
{"timestamp":"2025-12-25T05:13:45.370282Z","level":"info","event":"2025-12-25 05:13:45 | INFO | HTTP GET (stream) | attempt=1/5 | Ellipsis | https://api.imf.org/external/sdmx/2.1/data/IMF.STA,CPI,latest/all/all?startPeriod=2016&endPeriod=2016","logger":"task.stdout"}
{"timestamp":"2025-12-25T05:13:47.197845Z","level":"info","event":"2025-12-25 05:13:47 | INFO | HTTP GET (stream) | attempt=1/5 | Ellipsis | https://api.imf.org/external/sdmx/2.1/data/IMF.STA,IMTS,latest/all/all?startPeriod=1985&endPeriod=1985","logger":"task.stdout"}
{"timestamp":"2025-12-25T05:13:51.969791Z","level":"info","event":"2025-12-25 05:13:51 | INFO | HTTP GET (stream) | attempt=1/5 | Ellipsis | https://api.imf.org/external/sdmx/2.1/data/IMF.STA,CPI,latest/all/all?startPeriod=2017&endPeriod=2017","logger":"task.stdout"}
{"timestamp":"2025-12-25T05:13:59.195052Z","level":"info","event":"2025-12-25 05:13:59 | INFO | HTTP GET (stream) | attempt=1/5 | Ellipsis | https://api.imf.org/external/sdmx/2.1/data/IMF.STA,BOP,latest/all/all?startPeriod=1968&endPeriod=1968","logger":"task.stdout"}
{"timestamp":"2025-12-25T05:14:02.062977Z","level":"info","event":"2025-12-25 05:14:02 | INFO | HTTP GET (stream) | attempt=1/5 | Ellipsis | https://api.imf.org/external/sdmx/2.1/data/IMF.STA,BOP,latest/all/all?startPeriod=1969&endPeriod=1969","logger":"task.stdout"}
{"timestamp":"2025-12-25T05:14:02.121037Z","level":"info","event":"2025-12-25 05:14:02 | INFO | HTTP GET (stream) | attempt=1/5 | Ellipsis | https://api.imf.org/external/sdmx/2.1/data/IMF.STA,CPI,latest/all/all?startPeriod=1993&endPeriod=1993","logger":"task.stdout"}
{"timestamp":"2025-12-25T05:14:05.366075Z","level":"info","event":"2025-12-25 05:14:05 | INFO | HTTP GET (stream) | attempt=1/5 | Ellipsis | https://api.imf.org/external/sdmx/2.1/data/IMF.STA,CPI,latest/all/all?startPeriod=1994&endPeriod=1994","logger":"task.stdout"}
{"timestamp":"2025-12-25T05:14:05.403291Z","level":"info","event":"2025-12-25 05:14:05 | INFO | HTTP GET (stream) | attempt=1/5 | Ellipsis | https://api.imf.org/external/sdmx/2.1/data/IMF.STA,BOP,latest/all/all?startPeriod=1970&endPeriod=1970","logger":"task.stdout"}
{"timestamp":"2025-12-25T05:14:05.413882Z","level":"info","event":"2025-12-25 05:14:05 | INFO | HTTP GET (stream) | attempt=1/5 | Ellipsis | https://api.imf.org/external/sdmx/2.1/data/IMF.STA,IMTS,latest/all/all?startPeriod=2012&endPeriod=2012","logger":"task.stdout"}
{"timestamp":"2025-12-25T05:14:07.260876Z","level":"info","event":"2025-12-25 05:14:07 | INFO | HTTP GET (stream) | attempt=1/5 | Ellipsis | https://api.imf.org/external/sdmx/2.1/data/IMF.STA,CPI,latest/all/all?startPeriod=1995&endPeriod=1995","logger":"task.stdout"}
{"timestamp":"2025-12-25T05:14:07.306683Z","level":"info","event":"2025-12-25 05:14:07 | INFO | HTTP GET (stream) | attempt=1/5 | Ellipsis | https://api.imf.org/external/sdmx/2.1/data/IMF.STA,BOP,latest/all/all?startPeriod=2013&endPeriod=2013","logger":"task.stdout"}
{"timestamp":"2025-12-25T05:14:09.402861Z","level":"info","event":"2025-12-25 05:14:09 | INFO | HTTP GET (stream) | attempt=1/5 | Ellipsis | https://api.imf.org/external/sdmx/2.1/data/IMF.STA,BOP,latest/all/all?startPeriod=1971&endPeriod=1971","logger":"task.stdout"}
{"timestamp":"2025-12-25T05:14:09.809946Z","level":"info","event":"2025-12-25 05:14:09 | INFO | HTTP GET (stream) | attempt=1/5 | Ellipsis | https://api.imf.org/external/sdmx/2.1/data/IMF.STA,CPI,latest/all/all?startPeriod=1996&endPeriod=1996","logger":"task.stdout"}
{"timestamp":"2025-12-25T05:14:12.056764Z","level":"info","event":"2025-12-25 05:14:12 | INFO | HTTP GET (stream) | attempt=1/5 | Ellipsis | https://api.imf.org/external/sdmx/2.1/data/IMF.STA,IMTS,latest/all/all?startPeriod=2001&endPeriod=2001","logger":"task.stdout"}
{"timestamp":"2025-12-25T05:14:12.896815Z","level":"info","event":"2025-12-25 05:14:12 | INFO | HTTP GET (stream) | attempt=1/5 | Ellipsis | https://api.imf.org/external/sdmx/2.1/data/IMF.STA,CPI,latest/all/all?startPeriod=1997&endPeriod=1997","logger":"task.stdout"}
{"timestamp":"2025-12-25T05:14:13.934061Z","level":"info","event":"2025-12-25 05:14:13 | INFO | HTTP GET (stream) | attempt=1/5 | Ellipsis | https://api.imf.org/external/sdmx/2.1/data/IMF.STA,BOP,latest/all/all?startPeriod=1972&endPeriod=1972","logger":"task.stdout"}
{"timestamp":"2025-12-25T05:14:16.062862Z","level":"info","event":"2025-12-25 05:14:16 | INFO | HTTP GET (stream) | attempt=1/5 | Ellipsis | https://api.imf.org/external/sdmx/2.1/data/IMF.STA,CPI,latest/all/all?startPeriod=2003&endPeriod=2003","logger":"task.stdout"}
{"timestamp":"2025-12-25T05:14:18.234392Z","level":"info","event":"2025-12-25 05:14:18 | INFO | HTTP GET (stream) | attempt=1/5 | Ellipsis | https://api.imf.org/external/sdmx/2.1/data/IMF.STA,IMTS,latest/all/all?startPeriod=2018&endPeriod=2018","logger":"task.stdout"}
{"timestamp":"2025-12-25T05:14:20.340792Z","level":"info","event":"2025-12-25 05:14:20 | INFO | HTTP GET (stream) | attempt=1/5 | Ellipsis | https://api.imf.org/external/sdmx/2.1/data/IMF.STA,CPI,latest/all/all?startPeriod=2004&endPeriod=2004","logger":"task.stdout"}
{"timestamp":"2025-12-25T05:14:22.803082Z","level":"info","event":"2025-12-25 05:14:22 | INFO | HTTP GET (stream) | attempt=1/5 | Ellipsis | https://api.imf.org/external/sdmx/2.1/data/IMF.STA,CPI,latest/all/all?startPeriod=1948&endPeriod=1948","logger":"task.stdout"}
{"timestamp":"2025-12-25T05:14:24.346161Z","level":"info","event":"2025-12-25 05:14:24 | INFO | HTTP GET (stream) | attempt=1/5 | Ellipsis | https://api.imf.org/external/sdmx/2.1/data/IMF.STA,CPI,latest/all/all?startPeriod=1949&endPeriod=1949","logger":"task.stdout"}
{"timestamp":"2025-12-25T05:14:26.087006Z","level":"info","event":"2025-12-25 05:14:26 | INFO | HTTP GET (stream) | attempt=1/5 | Ellipsis | https://api.imf.org/external/sdmx/2.1/data/IMF.STA,CPI,latest/all/all?startPeriod=1950&endPeriod=1950","logger":"task.stdout"}
{"timestamp":"2025-12-25T05:14:26.597062Z","level":"info","event":"2025-12-25 05:14:26 | INFO | HTTP GET (stream) | attempt=1/5 | Ellipsis | https://api.imf.org/external/sdmx/2.1/data/IMF.STA,CPI,latest/all/all?startPeriod=2005&endPeriod=2005","logger":"task.stdout"}
{"timestamp":"2025-12-25T05:14:27.496473Z","level":"info","event":"2025-12-25 05:14:27 | INFO | HTTP GET (stream) | attempt=1/5 | Ellipsis | https://api.imf.org/external/sdmx/2.1/data/IMF.STA,CPI,latest/all/all?startPeriod=1951&endPeriod=1951","logger":"task.stdout"}
{"timestamp":"2025-12-25T05:14:28.819991Z","level":"info","event":"2025-12-25 05:14:28 | INFO | HTTP GET (stream) | attempt=1/5 | Ellipsis | https://api.imf.org/external/sdmx/2.1/data/IMF.STA,CPI,latest/all/all?startPeriod=1952&endPeriod=1952","logger":"task.stdout"}
{"timestamp":"2025-12-25T05:14:30.368642Z","level":"info","event":"2025-12-25 05:14:30 | INFO | HTTP GET (stream) | attempt=1/5 | Ellipsis | https://api.imf.org/external/sdmx/2.1/data/IMF.STA,BOP,latest/all/all?startPeriod=1973&endPeriod=1973","logger":"task.stdout"}
{"timestamp":"2025-12-25T05:14:33.233960Z","level":"info","event":"2025-12-25 05:14:33 | INFO | HTTP GET (stream) | attempt=1/5 | Ellipsis | https://api.imf.org/external/sdmx/2.1/data/IMF.STA,CPI,latest/all/all?startPeriod=2006&endPeriod=2006","logger":"task.stdout"}
{"timestamp":"2025-12-25T05:14:36.788490Z","level":"info","event":"2025-12-25 05:14:36 | INFO | HTTP GET (stream) | attempt=1/5 | Ellipsis | https://api.imf.org/external/sdmx/2.1/data/IMF.STA,IMTS,latest/all/all?startPeriod=1997&endPeriod=1997","logger":"task.stdout"}
{"timestamp":"2025-12-25T05:14:38.102422Z","level":"info","event":"2025-12-25 05:14:38 | INFO | HTTP GET (stream) | attempt=1/5 | Ellipsis | https://api.imf.org/external/sdmx/2.1/data/IMF.STA,BOP,latest/all/all?startPeriod=1974&endPeriod=1974","logger":"task.stdout"}
{"timestamp":"2025-12-25T05:14:38.186763Z","level":"info","event":"2025-12-25 05:14:38 | INFO | HTTP GET (stream) | attempt=1/5 | Ellipsis | https://api.imf.org/external/sdmx/2.1/data/IMF.STA,IMTS,latest/all/all?startPeriod=1986&endPeriod=1986","logger":"task.stdout"}
{"timestamp":"2025-12-25T05:14:38.618686Z","level":"info","event":"2025-12-25 05:14:38 | INFO | HTTP GET (stream) | attempt=1/5 | Ellipsis | https://api.imf.org/external/sdmx/2.1/data/IMF.STA,CPI,latest/all/all?startPeriod=2007&endPeriod=2007","logger":"task.stdout"}
{"timestamp":"2025-12-25T05:14:41.464695Z","level":"info","event":"2025-12-25 05:14:41 | INFO | HTTP GET (stream) | attempt=1/5 | Ellipsis | https://api.imf.org/external/sdmx/2.1/data/IMF.STA,BOP,latest/all/all?startPeriod=2024&endPeriod=2024","logger":"task.stdout"}
{"timestamp":"2025-12-25T05:14:46.081442Z","level":"info","event":"2025-12-25 05:14:46 | INFO | HTTP GET (stream) | attempt=1/5 | Ellipsis | https://api.imf.org/external/sdmx/2.1/data/IMF.STA,BOP,latest/all/all?startPeriod=1975&endPeriod=1975","logger":"task.stdout"}
{"timestamp":"2025-12-25T05:14:56.283186Z","level":"info","event":"2025-12-25 05:14:56 | INFO | HTTP GET (stream) | attempt=1/5 | Ellipsis | https://api.imf.org/external/sdmx/2.1/data/IMF.STA,BOP,latest/all/all?startPeriod=1976&endPeriod=1976","logger":"task.stdout"}
{"timestamp":"2025-12-25T05:15:00.253865Z","level":"info","event":"2025-12-25 05:15:00 | INFO | HTTP GET (stream) | attempt=1/5 | Ellipsis | https://api.imf.org/external/sdmx/2.1/data/IMF.STA,BOP,latest/all/all?startPeriod=2021&endPeriod=2021","logger":"task.stdout"}
{"timestamp":"2025-12-25T05:15:09.221812Z","level":"info","event":"2025-12-25 05:15:09 | INFO | HTTP GET (stream) | attempt=1/5 | Ellipsis | https://api.imf.org/external/sdmx/2.1/data/IMF.STA,BOP,latest/all/all?startPeriod=1977&endPeriod=1977","logger":"task.stdout"}
{"timestamp":"2025-12-25T05:15:21.646430Z","level":"info","event":"2025-12-25 05:15:21 | INFO | HTTP GET (stream) | attempt=1/5 | Ellipsis | https://api.imf.org/external/sdmx/2.1/data/IMF.STA,IMTS,latest/all/all?startPeriod=2002&endPeriod=2002","logger":"task.stdout"}
{"timestamp":"2025-12-25T05:15:28.491290Z","level":"info","event":"2025-12-25 05:15:28 | INFO | HTTP GET (stream) | attempt=1/5 | Ellipsis | https://api.imf.org/external/sdmx/2.1/data/IMF.STA,BOP,latest/all/all?startPeriod=2014&endPeriod=2014","logger":"task.stdout"}
{"timestamp":"2025-12-25T05:15:29.621205Z","level":"info","event":"2025-12-25 05:15:29 | INFO | HTTP GET (stream) | attempt=1/5 | Ellipsis | https://api.imf.org/external/sdmx/2.1/data/IMF.STA,IMTS,latest/all/all?startPeriod=1987&endPeriod=1987","logger":"task.stdout"}
{"timestamp":"2025-12-25T05:15:38.897257Z","level":"info","event":"2025-12-25 05:15:38 | INFO | HTTP GET (stream) | attempt=1/5 | Ellipsis | https://api.imf.org/external/sdmx/2.1/data/IMF.STA,IMTS,latest/all/all?startPeriod=2019&endPeriod=2019","logger":"task.stdout"}
{"timestamp":"2025-12-25T05:15:46.610426Z","level":"info","event":"2025-12-25 05:15:46 | INFO | HTTP GET (stream) | attempt=1/5 | Ellipsis | https://api.imf.org/external/sdmx/2.1/data/IMF.STA,BOP,latest/all/all?startPeriod=2025&endPeriod=2025","logger":"task.stdout"}
{"timestamp":"2025-12-25T05:16:17.179035Z","level":"info","event":"2025-12-25 05:16:17 | INFO | HTTP GET (stream) | attempt=1/5 | Ellipsis | https://api.imf.org/external/sdmx/2.1/data/IMF.STA,BOP,latest/all/all?startPeriod=2022&endPeriod=2022","logger":"task.stdout"}
{"timestamp":"2025-12-25T05:16:41.671987Z","level":"info","event":"2025-12-25 05:16:41 | INFO | HTTP GET (stream) | attempt=1/5 | Ellipsis | https://api.imf.org/external/sdmx/2.1/data/IMF.STA,BOP,latest/all/all?startPeriod=2015&endPeriod=2015","logger":"task.stdout"}
{"timestamp":"2025-12-25T05:16:49.083604Z","level":"info","event":"2025-12-25 05:16:49 | INFO | HTTP GET (stream) | attempt=1/5 | Ellipsis | https://api.imf.org/external/sdmx/2.1/data/IMF.STA,IMTS,latest/all/all?startPeriod=2020&endPeriod=2020","logger":"task.stdout"}
{"timestamp":"2025-12-25T05:17:55.315308Z","level":"info","event":"2025-12-25 05:17:55 | INFO | HTTP GET (stream) | attempt=1/5 | Ellipsis | https://api.imf.org/external/sdmx/2.1/data/IMF.STA,BOP,latest/all/all?startPeriod=2016&endPeriod=2016","logger":"task.stdout"}
{"timestamp":"2025-12-25T05:18:04.570542Z","level":"info","event":"2025-12-25 05:18:04 | INFO | HTTP GET (stream) | attempt=1/5 | Ellipsis | https://api.imf.org/external/sdmx/2.1/data/IMF.STA,IMTS,latest/all/all?startPeriod=2021&endPeriod=2021","logger":"task.stdout"}
{"timestamp":"2025-12-25T05:19:12.914007Z","level":"info","event":"2025-12-25 05:19:12 | INFO | HTTP GET (stream) | attempt=1/5 | Ellipsis | https://api.imf.org/external/sdmx/2.1/data/IMF.STA,BOP,latest/all/all?startPeriod=2017&endPeriod=2017","logger":"task.stdout"}
{"timestamp":"2025-12-25T05:19:16.693271Z","level":"info","event":"2025-12-25 05:19:16 | INFO | HTTP GET (stream) | attempt=1/5 | Ellipsis | https://api.imf.org/external/sdmx/2.1/data/IMF.STA,IMTS,latest/all/all?startPeriod=2022&endPeriod=2022","logger":"task.stdout"}
{"timestamp":"2025-12-25T05:20:29.621017Z","level":"error","event":"Task failed with exception","logger":"task","filename":"task_runner.py","lineno":1008,"error_detail":[{"exc_type":"ValueError","exc_value":"too many values to unpack (expected 3)","exc_notes":[],"syntax_error":null,"is_cause":false,"frames":[{"filename":"/home/airflow/.local/lib/python3.12/site-packages/airflow/sdk/execution_time/task_runner.py","lineno":934,"name":"run"},{"filename":"/home/airflow/.local/lib/python3.12/site-packages/airflow/sdk/execution_time/task_runner.py","lineno":1325,"name":"_execute_task"},{"filename":"/home/airflow/.local/lib/python3.12/site-packages/airflow/sdk/bases/operator.py","lineno":417,"name":"wrapper"},{"filename":"/home/airflow/.local/lib/python3.12/site-packages/airflow/providers/standard/operators/python.py","lineno":215,"name":"execute"},{"filename":"/home/airflow/.local/lib/python3.12/site-packages/airflow/providers/standard/operators/python.py","lineno":238,"name":"execute_callable"},{"filename":"/home/airflow/.local/lib/python3.12/site-packages/airflow/sdk/execution_time/callback_runner.py","lineno":82,"name":"run"},{"filename":"/opt/airflow/dags/dag.py","lineno":32,"name":"run_imf_task"},{"filename":"/opt/airflow/dags/pipelines/imf/pipeline.py","lineno":247,"name":"run_imf_pipeline"}],"is_group":false,"exceptions":[]}]}
