{"timestamp":"2025-12-25T03:22:43.818666Z","level":"info","event":"DAG bundles loaded: dags-folder","logger":"airflow.dag_processing.bundles.manager.DagBundlesManager","filename":"manager.py","lineno":179}
{"timestamp":"2025-12-25T03:22:43.819002Z","level":"info","event":"Filling up the DagBag from /opt/airflow/dags/dag.py","logger":"airflow.models.dagbag.DagBag","filename":"dagbag.py","lineno":593}
{"timestamp":"2025-12-25T03:22:44.620254Z","level":"warning","event":"The `airflow.operators.python.PythonOperator` attribute is deprecated. Please use `'airflow.providers.standard.operators.python.PythonOperator'`.","category":"DeprecatedImportWarning","filename":"/opt/airflow/dags/dag.py","lineno":4,"logger":"py.warnings"}
{"timestamp":"2025-12-25T03:22:44.637718Z","level":"error","event":"2025-12-25 03:22:44.636 | INFO     | pipelines.imf.pipeline:run_imf_pipeline:220 - IMF Pipeline start | run_id=20251225T032244Z flows=3 years=1948..2025 expected=234 chunk=5 workers=2 http_limit=2 s3_limit=2 gzip=False skip_exists=True manifest=True","logger":"task.stderr"}
{"timestamp":"2025-12-25T03:23:44.923891Z","level":"info","event":"Found credentials in environment variables.","logger":"botocore.credentials","filename":"credentials.py","lineno":1252}
{"timestamp":"2025-12-25T03:23:52.630982Z","level":"error","event":"2025-12-25 03:23:52.628 | SUCCESS  | pipelines.imf.pipeline:process_flow_year_chunk:133 - Uploaded | flow=BOP year=2008 rows=315578 uri=s3://personal-projectbucket/imf/BOP/year=2008/BOP_2008.csv step_s=67.98","logger":"task.stderr"}
{"timestamp":"2025-12-25T03:24:54.538406Z","level":"error","event":"2025-12-25 03:24:54.537 | SUCCESS  | pipelines.imf.pipeline:process_flow_year_chunk:133 - Uploaded | flow=BOP year=2009 rows=329697 uri=s3://personal-projectbucket/imf/BOP/year=2009/BOP_2009.csv step_s=61.33","logger":"task.stderr"}
{"timestamp":"2025-12-25T03:26:06.706478Z","level":"error","event":"2025-12-25 03:26:06.705 | SUCCESS  | pipelines.imf.pipeline:process_flow_year_chunk:133 - Uploaded | flow=BOP year=2010 rows=333512 uri=s3://personal-projectbucket/imf/BOP/year=2010/BOP_2010.csv step_s=71.64","logger":"task.stderr"}
{"timestamp":"2025-12-25T03:27:14.936067Z","level":"error","event":"2025-12-25 03:27:14.934 | SUCCESS  | pipelines.imf.pipeline:process_flow_year_chunk:133 - Uploaded | flow=IMTS year=2018 rows=1662667 uri=s3://personal-projectbucket/imf/IMTS/year=2018/IMTS_2018.csv step_s=270.29","logger":"task.stderr"}
{"timestamp":"2025-12-25T03:27:21.070933Z","level":"error","event":"2025-12-25 03:27:21.070 | SUCCESS  | pipelines.imf.pipeline:process_flow_year_chunk:133 - Uploaded | flow=BOP year=2011 rows=347649 uri=s3://personal-projectbucket/imf/BOP/year=2011/BOP_2011.csv step_s=73.39","logger":"task.stderr"}
{"timestamp":"2025-12-25T03:28:36.190061Z","level":"error","event":"2025-12-25 03:28:36.188 | SUCCESS  | pipelines.imf.pipeline:process_flow_year_chunk:133 - Uploaded | flow=BOP year=2012 rows=374363 uri=s3://personal-projectbucket/imf/BOP/year=2012/BOP_2012.csv step_s=72.88","logger":"task.stderr"}
{"timestamp":"2025-12-25T03:28:47.087222Z","level":"error","event":"2025-12-25 03:28:47.086 | SUCCESS  | pipelines.imf.pipeline:process_flow_year_chunk:133 - Uploaded | flow=CPI year=1973 rows=23421 uri=s3://personal-projectbucket/imf/CPI/year=1973/CPI_1973.csv step_s=10.28","logger":"task.stderr"}
{"timestamp":"2025-12-25T03:28:49.849000Z","level":"error","event":"2025-12-25 03:28:49.848 | SUCCESS  | pipelines.imf.pipeline:process_flow_year_chunk:133 - Uploaded | flow=CPI year=1974 rows=23543 uri=s3://personal-projectbucket/imf/CPI/year=1974/CPI_1974.csv step_s=2.65","logger":"task.stderr"}
{"timestamp":"2025-12-25T03:28:53.254332Z","level":"error","event":"2025-12-25 03:28:53.254 | SUCCESS  | pipelines.imf.pipeline:process_flow_year_chunk:133 - Uploaded | flow=CPI year=1975 rows=23702 uri=s3://personal-projectbucket/imf/CPI/year=1975/CPI_1975.csv step_s=3.31","logger":"task.stderr"}
{"timestamp":"2025-12-25T03:28:56.045317Z","level":"error","event":"2025-12-25 03:28:56.044 | SUCCESS  | pipelines.imf.pipeline:process_flow_year_chunk:133 - Uploaded | flow=CPI year=1976 rows=24321 uri=s3://personal-projectbucket/imf/CPI/year=1976/CPI_1976.csv step_s=2.65","logger":"task.stderr"}
{"timestamp":"2025-12-25T03:28:58.919982Z","level":"error","event":"2025-12-25 03:28:58.919 | SUCCESS  | pipelines.imf.pipeline:process_flow_year_chunk:133 - Uploaded | flow=CPI year=1977 rows=24456 uri=s3://personal-projectbucket/imf/CPI/year=1977/CPI_1977.csv step_s=2.73","logger":"task.stderr"}
{"timestamp":"2025-12-25T03:29:15.665297Z","level":"error","event":"2025-12-25 03:29:15.664 | SUCCESS  | pipelines.imf.pipeline:process_flow_year_chunk:133 - Uploaded | flow=CPI year=2023 rows=181846 uri=s3://personal-projectbucket/imf/CPI/year=2023/CPI_2023.csv step_s=16.65","logger":"task.stderr"}
{"timestamp":"2025-12-25T03:29:48.810632Z","level":"error","event":"2025-12-25 03:29:48.809 | SUCCESS  | pipelines.imf.pipeline:process_flow_year_chunk:133 - Uploaded | flow=IMTS year=2019 rows=1685308 uri=s3://personal-projectbucket/imf/IMTS/year=2019/IMTS_2019.csv step_s=152.34","logger":"task.stderr"}
{"timestamp":"2025-12-25T03:29:50.348254Z","level":"error","event":"2025-12-25 03:29:50.347 | SUCCESS  | pipelines.imf.pipeline:process_flow_year_chunk:133 - Uploaded | flow=CPI year=2024 rows=176453 uri=s3://personal-projectbucket/imf/CPI/year=2024/CPI_2024.csv step_s=33.90","logger":"task.stderr"}
{"timestamp":"2025-12-25T03:29:57.262329Z","level":"error","event":"2025-12-25 03:29:57.262 | SUCCESS  | pipelines.imf.pipeline:process_flow_year_chunk:133 - Uploaded | flow=CPI year=2025 rows=114890 uri=s3://personal-projectbucket/imf/CPI/year=2025/CPI_2025.csv step_s=6.74","logger":"task.stderr"}
{"timestamp":"2025-12-25T03:31:42.984931Z","level":"error","event":"Server indicated the task shouldn't be running anymore. Terminating process","detail":{"detail":{"reason":"not_running","message":"TI is no longer in the running state and task should terminate","current_state":"failed"}},"logger":"task"}
{"timestamp":"2025-12-25T03:31:48.107621Z","level":"error","event":"Task killed!","logger":"task"}
