{"timestamp":"2025-12-25T03:32:47.848620Z","level":"info","event":"DAG bundles loaded: dags-folder","logger":"airflow.dag_processing.bundles.manager.DagBundlesManager","filename":"manager.py","lineno":179}
{"timestamp":"2025-12-25T03:32:47.849339Z","level":"info","event":"Filling up the DagBag from /opt/airflow/dags/dag.py","logger":"airflow.models.dagbag.DagBag","filename":"dagbag.py","lineno":593}
{"timestamp":"2025-12-25T03:32:48.093105Z","level":"warning","event":"The `airflow.operators.python.PythonOperator` attribute is deprecated. Please use `'airflow.providers.standard.operators.python.PythonOperator'`.","category":"DeprecatedImportWarning","filename":"/opt/airflow/dags/dag.py","lineno":4,"logger":"py.warnings"}
{"timestamp":"2025-12-25T03:32:48.106025Z","level":"info","event":"2025-12-25 03:32:48 | INFO | IMF Pipeline start | run_id=20251225T033248Z flows=3 years=1948..2025 expected=234 chunk=5 workers=2 http_limit=2 s3_limit=2 gzip=False skip_exists=True manifest=True","logger":"task.stdout"}
{"timestamp":"2025-12-25T03:32:49.724883Z","level":"info","event":"Found credentials in environment variables.","logger":"botocore.credentials","filename":"credentials.py","lineno":1252}
{"timestamp":"2025-12-25T03:32:50.046111Z","level":"info","event":"2025-12-25 03:32:50 | SUCCESS | Uploaded | flow=BOP year=1953 rows=977 uri=s3://personal-projectbucket/imf/BOP/year=1953/BOP_1953.csv step_s=1.93","logger":"task.stdout"}
{"timestamp":"2025-12-25T03:32:51.251944Z","level":"info","event":"2025-12-25 03:32:51 | SUCCESS | Uploaded | flow=BOP year=1954 rows=977 uri=s3://personal-projectbucket/imf/BOP/year=1954/BOP_1954.csv step_s=1.07","logger":"task.stdout"}
{"timestamp":"2025-12-25T03:32:51.846909Z","level":"info","event":"2025-12-25 03:32:51 | SUCCESS | Uploaded | flow=BOP year=1968 rows=5542 uri=s3://personal-projectbucket/imf/BOP/year=1968/BOP_1968.csv step_s=3.73","logger":"task.stdout"}
{"timestamp":"2025-12-25T03:32:52.534140Z","level":"info","event":"2025-12-25 03:32:52 | SUCCESS | Uploaded | flow=BOP year=1955 rows=977 uri=s3://personal-projectbucket/imf/BOP/year=1955/BOP_1955.csv step_s=1.11","logger":"task.stdout"}
{"timestamp":"2025-12-25T03:32:53.576038Z","level":"info","event":"2025-12-25 03:32:53 | SUCCESS | Uploaded | flow=BOP year=1956 rows=944 uri=s3://personal-projectbucket/imf/BOP/year=1956/BOP_1956.csv step_s=0.94","logger":"task.stdout"}
{"timestamp":"2025-12-25T03:32:54.677194Z","level":"info","event":"2025-12-25 03:32:54 | SUCCESS | Uploaded | flow=BOP year=1957 rows=944 uri=s3://personal-projectbucket/imf/BOP/year=1957/BOP_1957.csv step_s=1.00","logger":"task.stdout"}
{"timestamp":"2025-12-25T03:32:55.302064Z","level":"info","event":"2025-12-25 03:32:55 | SUCCESS | Uploaded | flow=BOP year=1969 rows=5542 uri=s3://personal-projectbucket/imf/BOP/year=1969/BOP_1969.csv step_s=3.35","logger":"task.stdout"}
{"timestamp":"2025-12-25T03:32:56.794943Z","level":"info","event":"2025-12-25 03:32:56 | SUCCESS | Uploaded | flow=CPI year=1953 rows=11779 uri=s3://personal-projectbucket/imf/CPI/year=1953/CPI_1953.csv step_s=2.00","logger":"task.stdout"}
{"timestamp":"2025-12-25T03:32:59.628940Z","level":"info","event":"2025-12-25 03:32:59 | SUCCESS | Uploaded | flow=BOP year=1970 rows=9495 uri=s3://personal-projectbucket/imf/BOP/year=1970/BOP_1970.csv step_s=4.24","logger":"task.stdout"}
{"timestamp":"2025-12-25T03:32:59.802799Z","level":"info","event":"2025-12-25 03:32:59 | SUCCESS | Uploaded | flow=CPI year=1954 rows=11994 uri=s3://personal-projectbucket/imf/CPI/year=1954/CPI_1954.csv step_s=2.87","logger":"task.stdout"}
{"timestamp":"2025-12-25T03:33:03.042787Z","level":"info","event":"2025-12-25 03:33:03 | SUCCESS | Uploaded | flow=CPI year=1955 rows=16234 uri=s3://personal-projectbucket/imf/CPI/year=1955/CPI_1955.csv step_s=3.16","logger":"task.stdout"}
{"timestamp":"2025-12-25T03:33:04.598564Z","level":"info","event":"2025-12-25 03:33:04 | SUCCESS | Uploaded | flow=BOP year=1971 rows=12135 uri=s3://personal-projectbucket/imf/BOP/year=1971/BOP_1971.csv step_s=4.85","logger":"task.stdout"}
{"timestamp":"2025-12-25T03:33:05.597722Z","level":"info","event":"2025-12-25 03:33:05 | SUCCESS | Uploaded | flow=CPI year=1956 rows=16994 uri=s3://personal-projectbucket/imf/CPI/year=1956/CPI_1956.csv step_s=2.46","logger":"task.stdout"}
{"timestamp":"2025-12-25T03:33:05.615870Z","level":"error","event":"Server indicated the task shouldn't be running anymore. Terminating process","detail":{"detail":{"reason":"not_running","message":"TI is no longer in the running state and task should terminate","current_state":"failed"}},"logger":"task"}
{"timestamp":"2025-12-25T03:33:09.053011Z","level":"info","event":"2025-12-25 03:33:09 | SUCCESS | Uploaded | flow=BOP year=1972 rows=13685 uri=s3://personal-projectbucket/imf/BOP/year=1972/BOP_1972.csv step_s=4.33","logger":"task.stdout"}
{"timestamp":"2025-12-25T03:33:09.248680Z","level":"info","event":"2025-12-25 03:33:09 | SUCCESS | Uploaded | flow=CPI year=1957 rows=18340 uri=s3://personal-projectbucket/imf/CPI/year=1957/CPI_1957.csv step_s=3.52","logger":"task.stdout"}
{"timestamp":"2025-12-25T03:33:10.640498Z","level":"error","event":"Task killed!","logger":"task"}
