{"timestamp":"2025-12-25T10:21:44.621974Z","level":"info","event":"DAG bundles loaded: dags-folder","logger":"airflow.dag_processing.bundles.manager.DagBundlesManager","filename":"manager.py","lineno":179}
{"timestamp":"2025-12-25T10:21:44.622624Z","level":"info","event":"Filling up the DagBag from /opt/airflow/dags/dag.py","logger":"airflow.models.dagbag.DagBag","filename":"dagbag.py","lineno":593}
{"timestamp":"2025-12-25T10:21:44.997904Z","level":"info","event":"2025-12-25 10:21:44 | INFO | IMF Pipeline start | run_id=20251225T102144Z flows=3 years=1948..2025 expected=234 chunk=5 workers=2 http_limit=2 s3_limit=2 gzip=False skip_exists=True manifest=True","logger":"task.stdout"}
{"timestamp":"2025-12-25T10:21:45.611995Z","level":"info","event":"2025-12-25 10:21:45 | INFO | HTTP GET (stream) | attempt=1/5 | flow=IMTS year=2003 | https://api.imf.org/external/sdmx/2.1/data/IMF.STA,IMTS,latest/all/all?startPeriod=2003&endPeriod=2003","logger":"task.stdout"}
{"timestamp":"2025-12-25T10:21:45.616122Z","level":"info","event":"2025-12-25 10:21:45 | INFO | HTTP GET (stream) | attempt=1/5 | flow=BOP year=1953 | https://api.imf.org/external/sdmx/2.1/data/IMF.STA,BOP,latest/all/all?startPeriod=1953&endPeriod=1953","logger":"task.stdout"}
{"timestamp":"2025-12-25T10:21:50.843959Z","level":"info","event":"Found credentials in environment variables.","logger":"botocore.credentials","filename":"credentials.py","lineno":1252}
{"timestamp":"2025-12-25T10:21:51.221991Z","level":"info","event":"2025-12-25 10:21:51 | SUCCESS | Uploaded | flow=BOP year=1953 rows=977 uri=s3://personal-projectbucket/imf/BOP/year=1953/BOP_1953.csv step_s=6.21","logger":"task.stdout"}
{"timestamp":"2025-12-25T10:21:51.499625Z","level":"info","event":"2025-12-25 10:21:51 | INFO | HTTP GET (stream) | attempt=1/5 | flow=BOP year=1954 | https://api.imf.org/external/sdmx/2.1/data/IMF.STA,BOP,latest/all/all?startPeriod=1954&endPeriod=1954","logger":"task.stdout"}
{"timestamp":"2025-12-25T10:21:52.464020Z","level":"info","event":"2025-12-25 10:21:52 | SUCCESS | Uploaded | flow=BOP year=1954 rows=977 uri=s3://personal-projectbucket/imf/BOP/year=1954/BOP_1954.csv step_s=1.06","logger":"task.stdout"}
{"timestamp":"2025-12-25T10:21:52.688325Z","level":"info","event":"2025-12-25 10:21:52 | INFO | HTTP GET (stream) | attempt=1/5 | flow=BOP year=1955 | https://api.imf.org/external/sdmx/2.1/data/IMF.STA,BOP,latest/all/all?startPeriod=1955&endPeriod=1955","logger":"task.stdout"}
{"timestamp":"2025-12-25T10:21:53.749686Z","level":"info","event":"2025-12-25 10:21:53 | SUCCESS | Uploaded | flow=BOP year=1955 rows=977 uri=s3://personal-projectbucket/imf/BOP/year=1955/BOP_1955.csv step_s=1.17","logger":"task.stdout"}
{"timestamp":"2025-12-25T10:21:53.893314Z","level":"info","event":"2025-12-25 10:21:53 | INFO | HTTP GET (stream) | attempt=1/5 | flow=BOP year=1956 | https://api.imf.org/external/sdmx/2.1/data/IMF.STA,BOP,latest/all/all?startPeriod=1956&endPeriod=1956","logger":"task.stdout"}
{"timestamp":"2025-12-25T10:21:54.958294Z","level":"info","event":"2025-12-25 10:21:54 | SUCCESS | Uploaded | flow=BOP year=1956 rows=944 uri=s3://personal-projectbucket/imf/BOP/year=1956/BOP_1956.csv step_s=1.10","logger":"task.stdout"}
{"timestamp":"2025-12-25T10:21:55.107406Z","level":"info","event":"2025-12-25 10:21:55 | INFO | HTTP GET (stream) | attempt=1/5 | flow=BOP year=1957 | https://api.imf.org/external/sdmx/2.1/data/IMF.STA,BOP,latest/all/all?startPeriod=1957&endPeriod=1957","logger":"task.stdout"}
{"timestamp":"2025-12-25T10:21:56.051040Z","level":"info","event":"2025-12-25 10:21:56 | SUCCESS | Uploaded | flow=BOP year=1957 rows=944 uri=s3://personal-projectbucket/imf/BOP/year=1957/BOP_1957.csv step_s=0.98","logger":"task.stdout"}
{"timestamp":"2025-12-25T10:21:56.192901Z","level":"info","event":"2025-12-25 10:21:56 | INFO | HTTP GET (stream) | attempt=1/5 | flow=BOP year=2003 | https://api.imf.org/external/sdmx/2.1/data/IMF.STA,BOP,latest/all/all?startPeriod=2003&endPeriod=2003","logger":"task.stdout"}
{"timestamp":"2025-12-25T10:22:56.671985Z","level":"info","event":"2025-12-25 10:22:56 | SUCCESS | Uploaded | flow=BOP year=2003 rows=243157 uri=s3://personal-projectbucket/imf/BOP/year=2003/BOP_2003.csv step_s=60.51","logger":"task.stdout"}
{"timestamp":"2025-12-25T10:22:56.951644Z","level":"info","event":"2025-12-25 10:22:56 | INFO | HTTP GET (stream) | attempt=1/5 | flow=BOP year=2004 | https://api.imf.org/external/sdmx/2.1/data/IMF.STA,BOP,latest/all/all?startPeriod=2004&endPeriod=2004","logger":"task.stdout"}
{"timestamp":"2025-12-25T10:23:52.195481Z","level":"info","event":"2025-12-25 10:23:52 | SUCCESS | Uploaded | flow=BOP year=2004 rows=249552 uri=s3://personal-projectbucket/imf/BOP/year=2004/BOP_2004.csv step_s=55.28","logger":"task.stdout"}
{"timestamp":"2025-12-25T10:23:52.418084Z","level":"info","event":"2025-12-25 10:23:52 | INFO | HTTP GET (stream) | attempt=1/5 | flow=BOP year=2005 | https://api.imf.org/external/sdmx/2.1/data/IMF.STA,BOP,latest/all/all?startPeriod=2005&endPeriod=2005","logger":"task.stdout"}
{"timestamp":"2025-12-25T10:29:33.917748Z","level":"info","event":"2025-12-25 10:29:33 | WARNING | Transient HTTP error | attempt=1/5 | flow=BOP year=2005 | ChunkedEncodingError(ProtocolError('Connection broken: IncompleteRead(6489 bytes read, 9895 more expected)', IncompleteRead(6489 bytes read, 9895 more expected)))","logger":"task.stdout"}
{"timestamp":"2025-12-25T10:29:34.321970Z","level":"info","event":"2025-12-25 10:29:34 | WARNING | Transient HTTP error | attempt=1/5 | flow=IMTS year=2003 | ChunkedEncodingError(ProtocolError('Connection broken: IncompleteRead(14375 bytes read, 10201 more expected)', IncompleteRead(14375 bytes read, 10201 more expected)))","logger":"task.stdout"}
{"timestamp":"2025-12-25T10:29:35.428790Z","level":"info","event":"2025-12-25 10:29:35 | INFO | HTTP GET (stream) | attempt=2/5 | flow=BOP year=2005 | https://api.imf.org/external/sdmx/2.1/data/IMF.STA,BOP,latest/all/all?startPeriod=2005&endPeriod=2005","logger":"task.stdout"}
{"timestamp":"2025-12-25T10:29:35.837046Z","level":"info","event":"2025-12-25 10:29:35 | INFO | HTTP GET (stream) | attempt=2/5 | flow=IMTS year=2003 | https://api.imf.org/external/sdmx/2.1/data/IMF.STA,IMTS,latest/all/all?startPeriod=2003&endPeriod=2003","logger":"task.stdout"}
{"timestamp":"2025-12-25T10:37:39.622234Z","level":"error","event":"Server indicated the task shouldn't be running anymore. Terminating process","detail":{"detail":{"reason":"not_running","message":"TI is no longer in the running state and task should terminate","current_state":"failed"}},"logger":"task"}
{"timestamp":"2025-12-25T10:37:44.645403Z","level":"error","event":"Task killed!","logger":"task"}
